2025-09-29 20:56:24 - apscheduler.executors.default - ERROR - run_job:145 - Job "TransactionManager.check_scheduled_deadlines (trigger: interval[0:05:00], next run at: 2025-09-29 21:01:24 EDT)" raised an exception
Traceback (most recent call last):
  File "C:\Users\vedav\OneDrive\Documents\GitHub\Safe-Transaction\env\Lib\site-packages\apscheduler\executors\base.py", line 131, in run_job
    retval = job.func(*job.args, **job.kwargs)
             ^^^^^^^^^^^^^^^^^^^^^^^^^^^^^^^^^
  File "C:\Users\vedav\OneDrive\Documents\GitHub\Safe-Transaction\insta485\transaction_manager.py", line 558, in check_scheduled_deadlines
    expired_tickets = self.connection.execute("""
                      ^^^^^^^^^^^^^^^
AttributeError: 'TransactionManager' object has no attribute 'connection'
2025-09-29 20:56:27 - apscheduler.executors.default - ERROR - run_job:145 - Job "TransactionManager.check_scheduled_deadlines (trigger: interval[0:05:00], next run at: 2025-09-29 21:01:27 EDT)" raised an exception
Traceback (most recent call last):
  File "C:\Users\vedav\OneDrive\Documents\GitHub\Safe-Transaction\env\Lib\site-packages\apscheduler\executors\base.py", line 131, in run_job
    retval = job.func(*job.args, **job.kwargs)
             ^^^^^^^^^^^^^^^^^^^^^^^^^^^^^^^^^
  File "C:\Users\vedav\OneDrive\Documents\GitHub\Safe-Transaction\insta485\transaction_manager.py", line 558, in check_scheduled_deadlines
    expired_tickets = self.connection.execute("""
                      ^^^^^^^^^^^^^^^
AttributeError: 'TransactionManager' object has no attribute 'connection'
2025-09-29 21:01:24 - apscheduler.executors.default - ERROR - run_job:145 - Job "TransactionManager.check_scheduled_deadlines (trigger: interval[0:05:00], next run at: 2025-09-29 21:06:24 EDT)" raised an exception
Traceback (most recent call last):
  File "C:\Users\vedav\OneDrive\Documents\GitHub\Safe-Transaction\env\Lib\site-packages\apscheduler\executors\base.py", line 131, in run_job
    retval = job.func(*job.args, **job.kwargs)
             ^^^^^^^^^^^^^^^^^^^^^^^^^^^^^^^^^
  File "C:\Users\vedav\OneDrive\Documents\GitHub\Safe-Transaction\insta485\transaction_manager.py", line 558, in check_scheduled_deadlines
    expired_tickets = self.connection.execute("""
                      ^^^^^^^^^^^^^^^
AttributeError: 'TransactionManager' object has no attribute 'connection'
2025-09-29 21:06:24 - apscheduler.executors.default - ERROR - run_job:145 - Job "TransactionManager.check_scheduled_deadlines (trigger: interval[0:05:00], next run at: 2025-09-29 21:11:24 EDT)" raised an exception
Traceback (most recent call last):
  File "C:\Users\vedav\OneDrive\Documents\GitHub\Safe-Transaction\env\Lib\site-packages\apscheduler\executors\base.py", line 131, in run_job
    retval = job.func(*job.args, **job.kwargs)
             ^^^^^^^^^^^^^^^^^^^^^^^^^^^^^^^^^
  File "C:\Users\vedav\OneDrive\Documents\GitHub\Safe-Transaction\insta485\transaction_manager.py", line 558, in check_scheduled_deadlines
    expired_tickets = self.connection.execute("""
                      ^^^^^^^^^^^^^^^
AttributeError: 'TransactionManager' object has no attribute 'connection'
2025-09-29 21:11:24 - apscheduler.executors.default - ERROR - run_job:145 - Job "TransactionManager.check_scheduled_deadlines (trigger: interval[0:05:00], next run at: 2025-09-29 21:16:24 EDT)" raised an exception
Traceback (most recent call last):
  File "C:\Users\vedav\OneDrive\Documents\GitHub\Safe-Transaction\env\Lib\site-packages\apscheduler\executors\base.py", line 131, in run_job
    retval = job.func(*job.args, **job.kwargs)
             ^^^^^^^^^^^^^^^^^^^^^^^^^^^^^^^^^
  File "C:\Users\vedav\OneDrive\Documents\GitHub\Safe-Transaction\insta485\transaction_manager.py", line 558, in check_scheduled_deadlines
    expired_tickets = self.connection.execute("""
                      ^^^^^^^^^^^^^^^
AttributeError: 'TransactionManager' object has no attribute 'connection'
2025-09-29 21:16:24 - apscheduler.executors.default - ERROR - run_job:145 - Job "TransactionManager.check_scheduled_deadlines (trigger: interval[0:05:00], next run at: 2025-09-29 21:21:24 EDT)" raised an exception
Traceback (most recent call last):
  File "C:\Users\vedav\OneDrive\Documents\GitHub\Safe-Transaction\env\Lib\site-packages\apscheduler\executors\base.py", line 131, in run_job
    retval = job.func(*job.args, **job.kwargs)
             ^^^^^^^^^^^^^^^^^^^^^^^^^^^^^^^^^
  File "C:\Users\vedav\OneDrive\Documents\GitHub\Safe-Transaction\insta485\transaction_manager.py", line 558, in check_scheduled_deadlines
    expired_tickets = self.connection.execute("""
                      ^^^^^^^^^^^^^^^
AttributeError: 'TransactionManager' object has no attribute 'connection'
2025-09-29 21:21:24 - apscheduler.executors.default - ERROR - run_job:145 - Job "TransactionManager.check_scheduled_deadlines (trigger: interval[0:05:00], next run at: 2025-09-29 21:26:24 EDT)" raised an exception
Traceback (most recent call last):
  File "C:\Users\vedav\OneDrive\Documents\GitHub\Safe-Transaction\env\Lib\site-packages\apscheduler\executors\base.py", line 131, in run_job
    retval = job.func(*job.args, **job.kwargs)
             ^^^^^^^^^^^^^^^^^^^^^^^^^^^^^^^^^
  File "C:\Users\vedav\OneDrive\Documents\GitHub\Safe-Transaction\insta485\transaction_manager.py", line 558, in check_scheduled_deadlines
    expired_tickets = self.connection.execute("""
                      ^^^^^^^^^^^^^^^
AttributeError: 'TransactionManager' object has no attribute 'connection'
2025-09-29 21:26:24 - apscheduler.executors.default - ERROR - run_job:145 - Job "TransactionManager.check_scheduled_deadlines (trigger: interval[0:05:00], next run at: 2025-09-29 21:31:24 EDT)" raised an exception
Traceback (most recent call last):
  File "C:\Users\vedav\OneDrive\Documents\GitHub\Safe-Transaction\env\Lib\site-packages\apscheduler\executors\base.py", line 131, in run_job
    retval = job.func(*job.args, **job.kwargs)
             ^^^^^^^^^^^^^^^^^^^^^^^^^^^^^^^^^
  File "C:\Users\vedav\OneDrive\Documents\GitHub\Safe-Transaction\insta485\transaction_manager.py", line 558, in check_scheduled_deadlines
    expired_tickets = self.connection.execute("""
                      ^^^^^^^^^^^^^^^
AttributeError: 'TransactionManager' object has no attribute 'connection'
2025-09-29 21:31:24 - apscheduler.executors.default - ERROR - run_job:145 - Job "TransactionManager.check_scheduled_deadlines (trigger: interval[0:05:00], next run at: 2025-09-29 21:36:24 EDT)" raised an exception
Traceback (most recent call last):
  File "C:\Users\vedav\OneDrive\Documents\GitHub\Safe-Transaction\env\Lib\site-packages\apscheduler\executors\base.py", line 131, in run_job
    retval = job.func(*job.args, **job.kwargs)
             ^^^^^^^^^^^^^^^^^^^^^^^^^^^^^^^^^
  File "C:\Users\vedav\OneDrive\Documents\GitHub\Safe-Transaction\insta485\transaction_manager.py", line 558, in check_scheduled_deadlines
    expired_tickets = self.connection.execute("""
                      ^^^^^^^^^^^^^^^
AttributeError: 'TransactionManager' object has no attribute 'connection'
2025-09-29 21:36:24 - apscheduler.executors.default - ERROR - run_job:145 - Job "TransactionManager.check_scheduled_deadlines (trigger: interval[0:05:00], next run at: 2025-09-29 21:41:24 EDT)" raised an exception
Traceback (most recent call last):
  File "C:\Users\vedav\OneDrive\Documents\GitHub\Safe-Transaction\env\Lib\site-packages\apscheduler\executors\base.py", line 131, in run_job
    retval = job.func(*job.args, **job.kwargs)
             ^^^^^^^^^^^^^^^^^^^^^^^^^^^^^^^^^
  File "C:\Users\vedav\OneDrive\Documents\GitHub\Safe-Transaction\insta485\transaction_manager.py", line 558, in check_scheduled_deadlines
    expired_tickets = self.connection.execute("""
                      ^^^^^^^^^^^^^^^
AttributeError: 'TransactionManager' object has no attribute 'connection'
2025-09-29 21:41:24 - apscheduler.executors.default - ERROR - run_job:145 - Job "TransactionManager.check_scheduled_deadlines (trigger: interval[0:05:00], next run at: 2025-09-29 21:46:24 EDT)" raised an exception
Traceback (most recent call last):
  File "C:\Users\vedav\OneDrive\Documents\GitHub\Safe-Transaction\env\Lib\site-packages\apscheduler\executors\base.py", line 131, in run_job
    retval = job.func(*job.args, **job.kwargs)
             ^^^^^^^^^^^^^^^^^^^^^^^^^^^^^^^^^
  File "C:\Users\vedav\OneDrive\Documents\GitHub\Safe-Transaction\insta485\transaction_manager.py", line 558, in check_scheduled_deadlines
    expired_tickets = self.connection.execute("""
                      ^^^^^^^^^^^^^^^
AttributeError: 'TransactionManager' object has no attribute 'connection'
2025-09-29 21:46:24 - apscheduler.executors.default - ERROR - run_job:145 - Job "TransactionManager.check_scheduled_deadlines (trigger: interval[0:05:00], next run at: 2025-09-29 21:51:24 EDT)" raised an exception
Traceback (most recent call last):
  File "C:\Users\vedav\OneDrive\Documents\GitHub\Safe-Transaction\env\Lib\site-packages\apscheduler\executors\base.py", line 131, in run_job
    retval = job.func(*job.args, **job.kwargs)
             ^^^^^^^^^^^^^^^^^^^^^^^^^^^^^^^^^
  File "C:\Users\vedav\OneDrive\Documents\GitHub\Safe-Transaction\insta485\transaction_manager.py", line 558, in check_scheduled_deadlines
    expired_tickets = self.connection.execute("""
                      ^^^^^^^^^^^^^^^
AttributeError: 'TransactionManager' object has no attribute 'connection'
2025-09-29 21:51:24 - apscheduler.executors.default - ERROR - run_job:145 - Job "TransactionManager.check_scheduled_deadlines (trigger: interval[0:05:00], next run at: 2025-09-29 21:56:24 EDT)" raised an exception
Traceback (most recent call last):
  File "C:\Users\vedav\OneDrive\Documents\GitHub\Safe-Transaction\env\Lib\site-packages\apscheduler\executors\base.py", line 131, in run_job
    retval = job.func(*job.args, **job.kwargs)
             ^^^^^^^^^^^^^^^^^^^^^^^^^^^^^^^^^
  File "C:\Users\vedav\OneDrive\Documents\GitHub\Safe-Transaction\insta485\transaction_manager.py", line 558, in check_scheduled_deadlines
    expired_tickets = self.connection.execute("""
                      ^^^^^^^^^^^^^^^
AttributeError: 'TransactionManager' object has no attribute 'connection'
2025-09-29 21:56:24 - apscheduler.executors.default - ERROR - run_job:145 - Job "TransactionManager.check_scheduled_deadlines (trigger: interval[0:05:00], next run at: 2025-09-29 22:01:24 EDT)" raised an exception
Traceback (most recent call last):
  File "C:\Users\vedav\OneDrive\Documents\GitHub\Safe-Transaction\env\Lib\site-packages\apscheduler\executors\base.py", line 131, in run_job
    retval = job.func(*job.args, **job.kwargs)
             ^^^^^^^^^^^^^^^^^^^^^^^^^^^^^^^^^
  File "C:\Users\vedav\OneDrive\Documents\GitHub\Safe-Transaction\insta485\transaction_manager.py", line 558, in check_scheduled_deadlines
    expired_tickets = self.connection.execute("""
                      ^^^^^^^^^^^^^^^
AttributeError: 'TransactionManager' object has no attribute 'connection'
2025-09-29 21:58:27 - apscheduler.executors.default - ERROR - run_job:145 - Job "TransactionManager.check_scheduled_deadlines (trigger: interval[0:05:00], next run at: 2025-09-29 22:03:27 EDT)" raised an exception
Traceback (most recent call last):
  File "C:\Users\vedav\OneDrive\Documents\GitHub\Safe-Transaction\env\Lib\site-packages\apscheduler\executors\base.py", line 131, in run_job
    retval = job.func(*job.args, **job.kwargs)
             ^^^^^^^^^^^^^^^^^^^^^^^^^^^^^^^^^
  File "C:\Users\vedav\OneDrive\Documents\GitHub\Safe-Transaction\insta485\transaction_manager.py", line 558, in check_scheduled_deadlines
    expired_tickets = self.connection.execute("""
                      ^^^^^^^^^^^^^^^
AttributeError: 'TransactionManager' object has no attribute 'connection'
2025-09-29 22:01:24 - apscheduler.executors.default - ERROR - run_job:145 - Job "TransactionManager.check_scheduled_deadlines (trigger: interval[0:05:00], next run at: 2025-09-29 22:06:24 EDT)" raised an exception
Traceback (most recent call last):
  File "C:\Users\vedav\OneDrive\Documents\GitHub\Safe-Transaction\env\Lib\site-packages\apscheduler\executors\base.py", line 131, in run_job
    retval = job.func(*job.args, **job.kwargs)
             ^^^^^^^^^^^^^^^^^^^^^^^^^^^^^^^^^
  File "C:\Users\vedav\OneDrive\Documents\GitHub\Safe-Transaction\insta485\transaction_manager.py", line 558, in check_scheduled_deadlines
    expired_tickets = self.connection.execute("""
                      ^^^^^^^^^^^^^^^
AttributeError: 'TransactionManager' object has no attribute 'connection'
2025-09-29 22:06:24 - apscheduler.executors.default - ERROR - run_job:145 - Job "TransactionManager.check_scheduled_deadlines (trigger: interval[0:05:00], next run at: 2025-09-29 22:11:24 EDT)" raised an exception
Traceback (most recent call last):
  File "C:\Users\vedav\OneDrive\Documents\GitHub\Safe-Transaction\env\Lib\site-packages\apscheduler\executors\base.py", line 131, in run_job
    retval = job.func(*job.args, **job.kwargs)
             ^^^^^^^^^^^^^^^^^^^^^^^^^^^^^^^^^
  File "C:\Users\vedav\OneDrive\Documents\GitHub\Safe-Transaction\insta485\transaction_manager.py", line 558, in check_scheduled_deadlines
    expired_tickets = self.connection.execute("""
                      ^^^^^^^^^^^^^^^
AttributeError: 'TransactionManager' object has no attribute 'connection'
2025-09-29 22:07:48 - apscheduler.executors.default - ERROR - run_job:145 - Job "TransactionManager.check_scheduled_deadlines (trigger: interval[0:05:00], next run at: 2025-09-29 22:12:48 EDT)" raised an exception
Traceback (most recent call last):
  File "C:\Users\vedav\OneDrive\Documents\GitHub\Safe-Transaction\env\Lib\site-packages\apscheduler\executors\base.py", line 131, in run_job
    retval = job.func(*job.args, **job.kwargs)
             ^^^^^^^^^^^^^^^^^^^^^^^^^^^^^^^^^
  File "C:\Users\vedav\OneDrive\Documents\GitHub\Safe-Transaction\insta485\transaction_manager.py", line 558, in check_scheduled_deadlines
    expired_tickets = self.connection.execute("""
                      ^^^^^^^^^^^^^^^
AttributeError: 'TransactionManager' object has no attribute 'connection'
2025-09-29 22:11:24 - apscheduler.executors.default - ERROR - run_job:145 - Job "TransactionManager.check_scheduled_deadlines (trigger: interval[0:05:00], next run at: 2025-09-29 22:16:24 EDT)" raised an exception
Traceback (most recent call last):
  File "C:\Users\vedav\OneDrive\Documents\GitHub\Safe-Transaction\env\Lib\site-packages\apscheduler\executors\base.py", line 131, in run_job
    retval = job.func(*job.args, **job.kwargs)
             ^^^^^^^^^^^^^^^^^^^^^^^^^^^^^^^^^
  File "C:\Users\vedav\OneDrive\Documents\GitHub\Safe-Transaction\insta485\transaction_manager.py", line 558, in check_scheduled_deadlines
    expired_tickets = self.connection.execute("""
                      ^^^^^^^^^^^^^^^
AttributeError: 'TransactionManager' object has no attribute 'connection'
2025-09-29 22:12:48 - apscheduler.executors.default - ERROR - run_job:145 - Job "TransactionManager.check_scheduled_deadlines (trigger: interval[0:05:00], next run at: 2025-09-29 22:17:48 EDT)" raised an exception
Traceback (most recent call last):
  File "C:\Users\vedav\OneDrive\Documents\GitHub\Safe-Transaction\env\Lib\site-packages\apscheduler\executors\base.py", line 131, in run_job
    retval = job.func(*job.args, **job.kwargs)
             ^^^^^^^^^^^^^^^^^^^^^^^^^^^^^^^^^
  File "C:\Users\vedav\OneDrive\Documents\GitHub\Safe-Transaction\insta485\transaction_manager.py", line 558, in check_scheduled_deadlines
    expired_tickets = self.connection.execute("""
                      ^^^^^^^^^^^^^^^
AttributeError: 'TransactionManager' object has no attribute 'connection'
2025-09-29 22:16:24 - apscheduler.executors.default - ERROR - run_job:145 - Job "TransactionManager.check_scheduled_deadlines (trigger: interval[0:05:00], next run at: 2025-09-29 22:21:24 EDT)" raised an exception
Traceback (most recent call last):
  File "C:\Users\vedav\OneDrive\Documents\GitHub\Safe-Transaction\env\Lib\site-packages\apscheduler\executors\base.py", line 131, in run_job
    retval = job.func(*job.args, **job.kwargs)
             ^^^^^^^^^^^^^^^^^^^^^^^^^^^^^^^^^
  File "C:\Users\vedav\OneDrive\Documents\GitHub\Safe-Transaction\insta485\transaction_manager.py", line 558, in check_scheduled_deadlines
    expired_tickets = self.connection.execute("""
                      ^^^^^^^^^^^^^^^
AttributeError: 'TransactionManager' object has no attribute 'connection'
2025-09-29 22:17:48 - apscheduler.executors.default - ERROR - run_job:145 - Job "TransactionManager.check_scheduled_deadlines (trigger: interval[0:05:00], next run at: 2025-09-29 22:22:48 EDT)" raised an exception
Traceback (most recent call last):
  File "C:\Users\vedav\OneDrive\Documents\GitHub\Safe-Transaction\env\Lib\site-packages\apscheduler\executors\base.py", line 131, in run_job
    retval = job.func(*job.args, **job.kwargs)
             ^^^^^^^^^^^^^^^^^^^^^^^^^^^^^^^^^
  File "C:\Users\vedav\OneDrive\Documents\GitHub\Safe-Transaction\insta485\transaction_manager.py", line 558, in check_scheduled_deadlines
    expired_tickets = self.connection.execute("""
                      ^^^^^^^^^^^^^^^
AttributeError: 'TransactionManager' object has no attribute 'connection'
2025-09-29 22:21:24 - apscheduler.executors.default - ERROR - run_job:145 - Job "TransactionManager.check_scheduled_deadlines (trigger: interval[0:05:00], next run at: 2025-09-29 22:26:24 EDT)" raised an exception
Traceback (most recent call last):
  File "C:\Users\vedav\OneDrive\Documents\GitHub\Safe-Transaction\env\Lib\site-packages\apscheduler\executors\base.py", line 131, in run_job
    retval = job.func(*job.args, **job.kwargs)
             ^^^^^^^^^^^^^^^^^^^^^^^^^^^^^^^^^
  File "C:\Users\vedav\OneDrive\Documents\GitHub\Safe-Transaction\insta485\transaction_manager.py", line 558, in check_scheduled_deadlines
    expired_tickets = self.connection.execute("""
                      ^^^^^^^^^^^^^^^
AttributeError: 'TransactionManager' object has no attribute 'connection'
2025-09-29 22:22:48 - apscheduler.executors.default - ERROR - run_job:145 - Job "TransactionManager.check_scheduled_deadlines (trigger: interval[0:05:00], next run at: 2025-09-29 22:27:48 EDT)" raised an exception
Traceback (most recent call last):
  File "C:\Users\vedav\OneDrive\Documents\GitHub\Safe-Transaction\env\Lib\site-packages\apscheduler\executors\base.py", line 131, in run_job
    retval = job.func(*job.args, **job.kwargs)
             ^^^^^^^^^^^^^^^^^^^^^^^^^^^^^^^^^
  File "C:\Users\vedav\OneDrive\Documents\GitHub\Safe-Transaction\insta485\transaction_manager.py", line 558, in check_scheduled_deadlines
    expired_tickets = self.connection.execute("""
                      ^^^^^^^^^^^^^^^
AttributeError: 'TransactionManager' object has no attribute 'connection'
2025-09-29 22:26:24 - apscheduler.executors.default - ERROR - run_job:145 - Job "TransactionManager.check_scheduled_deadlines (trigger: interval[0:05:00], next run at: 2025-09-29 22:31:24 EDT)" raised an exception
Traceback (most recent call last):
  File "C:\Users\vedav\OneDrive\Documents\GitHub\Safe-Transaction\env\Lib\site-packages\apscheduler\executors\base.py", line 131, in run_job
    retval = job.func(*job.args, **job.kwargs)
             ^^^^^^^^^^^^^^^^^^^^^^^^^^^^^^^^^
  File "C:\Users\vedav\OneDrive\Documents\GitHub\Safe-Transaction\insta485\transaction_manager.py", line 558, in check_scheduled_deadlines
    expired_tickets = self.connection.execute("""
                      ^^^^^^^^^^^^^^^
AttributeError: 'TransactionManager' object has no attribute 'connection'
2025-09-29 22:27:48 - apscheduler.executors.default - ERROR - run_job:145 - Job "TransactionManager.check_scheduled_deadlines (trigger: interval[0:05:00], next run at: 2025-09-29 22:32:48 EDT)" raised an exception
Traceback (most recent call last):
  File "C:\Users\vedav\OneDrive\Documents\GitHub\Safe-Transaction\env\Lib\site-packages\apscheduler\executors\base.py", line 131, in run_job
    retval = job.func(*job.args, **job.kwargs)
             ^^^^^^^^^^^^^^^^^^^^^^^^^^^^^^^^^
  File "C:\Users\vedav\OneDrive\Documents\GitHub\Safe-Transaction\insta485\transaction_manager.py", line 558, in check_scheduled_deadlines
    expired_tickets = self.connection.execute("""
                      ^^^^^^^^^^^^^^^
AttributeError: 'TransactionManager' object has no attribute 'connection'
2025-09-29 22:31:24 - apscheduler.executors.default - ERROR - run_job:145 - Job "TransactionManager.check_scheduled_deadlines (trigger: interval[0:05:00], next run at: 2025-09-29 22:36:24 EDT)" raised an exception
Traceback (most recent call last):
  File "C:\Users\vedav\OneDrive\Documents\GitHub\Safe-Transaction\env\Lib\site-packages\apscheduler\executors\base.py", line 131, in run_job
    retval = job.func(*job.args, **job.kwargs)
             ^^^^^^^^^^^^^^^^^^^^^^^^^^^^^^^^^
  File "C:\Users\vedav\OneDrive\Documents\GitHub\Safe-Transaction\insta485\transaction_manager.py", line 558, in check_scheduled_deadlines
    expired_tickets = self.connection.execute("""
                      ^^^^^^^^^^^^^^^
AttributeError: 'TransactionManager' object has no attribute 'connection'
2025-09-29 22:32:48 - apscheduler.executors.default - ERROR - run_job:145 - Job "TransactionManager.check_scheduled_deadlines (trigger: interval[0:05:00], next run at: 2025-09-29 22:37:48 EDT)" raised an exception
Traceback (most recent call last):
  File "C:\Users\vedav\OneDrive\Documents\GitHub\Safe-Transaction\env\Lib\site-packages\apscheduler\executors\base.py", line 131, in run_job
    retval = job.func(*job.args, **job.kwargs)
             ^^^^^^^^^^^^^^^^^^^^^^^^^^^^^^^^^
  File "C:\Users\vedav\OneDrive\Documents\GitHub\Safe-Transaction\insta485\transaction_manager.py", line 558, in check_scheduled_deadlines
    expired_tickets = self.connection.execute("""
                      ^^^^^^^^^^^^^^^
AttributeError: 'TransactionManager' object has no attribute 'connection'
2025-09-29 22:36:24 - apscheduler.executors.default - ERROR - run_job:145 - Job "TransactionManager.check_scheduled_deadlines (trigger: interval[0:05:00], next run at: 2025-09-29 22:41:24 EDT)" raised an exception
Traceback (most recent call last):
  File "C:\Users\vedav\OneDrive\Documents\GitHub\Safe-Transaction\env\Lib\site-packages\apscheduler\executors\base.py", line 131, in run_job
    retval = job.func(*job.args, **job.kwargs)
             ^^^^^^^^^^^^^^^^^^^^^^^^^^^^^^^^^
  File "C:\Users\vedav\OneDrive\Documents\GitHub\Safe-Transaction\insta485\transaction_manager.py", line 558, in check_scheduled_deadlines
    expired_tickets = self.connection.execute("""
                      ^^^^^^^^^^^^^^^
AttributeError: 'TransactionManager' object has no attribute 'connection'
2025-09-29 22:37:48 - apscheduler.executors.default - ERROR - run_job:145 - Job "TransactionManager.check_scheduled_deadlines (trigger: interval[0:05:00], next run at: 2025-09-29 22:42:48 EDT)" raised an exception
Traceback (most recent call last):
  File "C:\Users\vedav\OneDrive\Documents\GitHub\Safe-Transaction\env\Lib\site-packages\apscheduler\executors\base.py", line 131, in run_job
    retval = job.func(*job.args, **job.kwargs)
             ^^^^^^^^^^^^^^^^^^^^^^^^^^^^^^^^^
  File "C:\Users\vedav\OneDrive\Documents\GitHub\Safe-Transaction\insta485\transaction_manager.py", line 558, in check_scheduled_deadlines
    expired_tickets = self.connection.execute("""
                      ^^^^^^^^^^^^^^^
AttributeError: 'TransactionManager' object has no attribute 'connection'
2025-09-29 22:41:24 - apscheduler.executors.default - ERROR - run_job:145 - Job "TransactionManager.check_scheduled_deadlines (trigger: interval[0:05:00], next run at: 2025-09-29 22:46:24 EDT)" raised an exception
Traceback (most recent call last):
  File "C:\Users\vedav\OneDrive\Documents\GitHub\Safe-Transaction\env\Lib\site-packages\apscheduler\executors\base.py", line 131, in run_job
    retval = job.func(*job.args, **job.kwargs)
             ^^^^^^^^^^^^^^^^^^^^^^^^^^^^^^^^^
  File "C:\Users\vedav\OneDrive\Documents\GitHub\Safe-Transaction\insta485\transaction_manager.py", line 558, in check_scheduled_deadlines
    expired_tickets = self.connection.execute("""
                      ^^^^^^^^^^^^^^^
AttributeError: 'TransactionManager' object has no attribute 'connection'
2025-09-29 22:42:48 - apscheduler.executors.default - ERROR - run_job:145 - Job "TransactionManager.check_scheduled_deadlines (trigger: interval[0:05:00], next run at: 2025-09-29 22:47:48 EDT)" raised an exception
Traceback (most recent call last):
  File "C:\Users\vedav\OneDrive\Documents\GitHub\Safe-Transaction\env\Lib\site-packages\apscheduler\executors\base.py", line 131, in run_job
    retval = job.func(*job.args, **job.kwargs)
             ^^^^^^^^^^^^^^^^^^^^^^^^^^^^^^^^^
  File "C:\Users\vedav\OneDrive\Documents\GitHub\Safe-Transaction\insta485\transaction_manager.py", line 558, in check_scheduled_deadlines
    expired_tickets = self.connection.execute("""
                      ^^^^^^^^^^^^^^^
AttributeError: 'TransactionManager' object has no attribute 'connection'
2025-09-29 22:46:24 - apscheduler.executors.default - ERROR - run_job:145 - Job "TransactionManager.check_scheduled_deadlines (trigger: interval[0:05:00], next run at: 2025-09-29 22:51:24 EDT)" raised an exception
Traceback (most recent call last):
  File "C:\Users\vedav\OneDrive\Documents\GitHub\Safe-Transaction\env\Lib\site-packages\apscheduler\executors\base.py", line 131, in run_job
    retval = job.func(*job.args, **job.kwargs)
             ^^^^^^^^^^^^^^^^^^^^^^^^^^^^^^^^^
  File "C:\Users\vedav\OneDrive\Documents\GitHub\Safe-Transaction\insta485\transaction_manager.py", line 558, in check_scheduled_deadlines
    expired_tickets = self.connection.execute("""
                      ^^^^^^^^^^^^^^^
AttributeError: 'TransactionManager' object has no attribute 'connection'
2025-09-29 22:47:48 - apscheduler.executors.default - ERROR - run_job:145 - Job "TransactionManager.check_scheduled_deadlines (trigger: interval[0:05:00], next run at: 2025-09-29 22:52:48 EDT)" raised an exception
Traceback (most recent call last):
  File "C:\Users\vedav\OneDrive\Documents\GitHub\Safe-Transaction\env\Lib\site-packages\apscheduler\executors\base.py", line 131, in run_job
    retval = job.func(*job.args, **job.kwargs)
             ^^^^^^^^^^^^^^^^^^^^^^^^^^^^^^^^^
  File "C:\Users\vedav\OneDrive\Documents\GitHub\Safe-Transaction\insta485\transaction_manager.py", line 558, in check_scheduled_deadlines
    expired_tickets = self.connection.execute("""
                      ^^^^^^^^^^^^^^^
AttributeError: 'TransactionManager' object has no attribute 'connection'
2025-09-29 22:51:24 - apscheduler.executors.default - ERROR - run_job:145 - Job "TransactionManager.check_scheduled_deadlines (trigger: interval[0:05:00], next run at: 2025-09-29 22:56:24 EDT)" raised an exception
Traceback (most recent call last):
  File "C:\Users\vedav\OneDrive\Documents\GitHub\Safe-Transaction\env\Lib\site-packages\apscheduler\executors\base.py", line 131, in run_job
    retval = job.func(*job.args, **job.kwargs)
             ^^^^^^^^^^^^^^^^^^^^^^^^^^^^^^^^^
  File "C:\Users\vedav\OneDrive\Documents\GitHub\Safe-Transaction\insta485\transaction_manager.py", line 558, in check_scheduled_deadlines
    expired_tickets = self.connection.execute("""
                      ^^^^^^^^^^^^^^^
AttributeError: 'TransactionManager' object has no attribute 'connection'
2025-09-29 22:52:48 - apscheduler.executors.default - ERROR - run_job:145 - Job "TransactionManager.check_scheduled_deadlines (trigger: interval[0:05:00], next run at: 2025-09-29 22:57:48 EDT)" raised an exception
Traceback (most recent call last):
  File "C:\Users\vedav\OneDrive\Documents\GitHub\Safe-Transaction\env\Lib\site-packages\apscheduler\executors\base.py", line 131, in run_job
    retval = job.func(*job.args, **job.kwargs)
             ^^^^^^^^^^^^^^^^^^^^^^^^^^^^^^^^^
  File "C:\Users\vedav\OneDrive\Documents\GitHub\Safe-Transaction\insta485\transaction_manager.py", line 558, in check_scheduled_deadlines
    expired_tickets = self.connection.execute("""
                      ^^^^^^^^^^^^^^^
AttributeError: 'TransactionManager' object has no attribute 'connection'
2025-09-29 22:56:24 - apscheduler.executors.default - ERROR - run_job:145 - Job "TransactionManager.check_scheduled_deadlines (trigger: interval[0:05:00], next run at: 2025-09-29 23:01:24 EDT)" raised an exception
Traceback (most recent call last):
  File "C:\Users\vedav\OneDrive\Documents\GitHub\Safe-Transaction\env\Lib\site-packages\apscheduler\executors\base.py", line 131, in run_job
    retval = job.func(*job.args, **job.kwargs)
             ^^^^^^^^^^^^^^^^^^^^^^^^^^^^^^^^^
  File "C:\Users\vedav\OneDrive\Documents\GitHub\Safe-Transaction\insta485\transaction_manager.py", line 558, in check_scheduled_deadlines
    expired_tickets = self.connection.execute("""
                      ^^^^^^^^^^^^^^^
AttributeError: 'TransactionManager' object has no attribute 'connection'
2025-09-29 22:57:48 - apscheduler.executors.default - ERROR - run_job:145 - Job "TransactionManager.check_scheduled_deadlines (trigger: interval[0:05:00], next run at: 2025-09-29 23:02:48 EDT)" raised an exception
Traceback (most recent call last):
  File "C:\Users\vedav\OneDrive\Documents\GitHub\Safe-Transaction\env\Lib\site-packages\apscheduler\executors\base.py", line 131, in run_job
    retval = job.func(*job.args, **job.kwargs)
             ^^^^^^^^^^^^^^^^^^^^^^^^^^^^^^^^^
  File "C:\Users\vedav\OneDrive\Documents\GitHub\Safe-Transaction\insta485\transaction_manager.py", line 558, in check_scheduled_deadlines
    expired_tickets = self.connection.execute("""
                      ^^^^^^^^^^^^^^^
AttributeError: 'TransactionManager' object has no attribute 'connection'
2025-09-29 23:01:24 - apscheduler.executors.default - ERROR - run_job:145 - Job "TransactionManager.check_scheduled_deadlines (trigger: interval[0:05:00], next run at: 2025-09-29 23:06:24 EDT)" raised an exception
Traceback (most recent call last):
  File "C:\Users\vedav\OneDrive\Documents\GitHub\Safe-Transaction\env\Lib\site-packages\apscheduler\executors\base.py", line 131, in run_job
    retval = job.func(*job.args, **job.kwargs)
             ^^^^^^^^^^^^^^^^^^^^^^^^^^^^^^^^^
  File "C:\Users\vedav\OneDrive\Documents\GitHub\Safe-Transaction\insta485\transaction_manager.py", line 558, in check_scheduled_deadlines
    expired_tickets = self.connection.execute("""
                      ^^^^^^^^^^^^^^^
AttributeError: 'TransactionManager' object has no attribute 'connection'
2025-09-29 23:02:48 - apscheduler.executors.default - ERROR - run_job:145 - Job "TransactionManager.check_scheduled_deadlines (trigger: interval[0:05:00], next run at: 2025-09-29 23:07:48 EDT)" raised an exception
Traceback (most recent call last):
  File "C:\Users\vedav\OneDrive\Documents\GitHub\Safe-Transaction\env\Lib\site-packages\apscheduler\executors\base.py", line 131, in run_job
    retval = job.func(*job.args, **job.kwargs)
             ^^^^^^^^^^^^^^^^^^^^^^^^^^^^^^^^^
  File "C:\Users\vedav\OneDrive\Documents\GitHub\Safe-Transaction\insta485\transaction_manager.py", line 558, in check_scheduled_deadlines
    expired_tickets = self.connection.execute("""
                      ^^^^^^^^^^^^^^^
AttributeError: 'TransactionManager' object has no attribute 'connection'
2025-09-29 23:06:24 - apscheduler.executors.default - ERROR - run_job:145 - Job "TransactionManager.check_scheduled_deadlines (trigger: interval[0:05:00], next run at: 2025-09-29 23:11:24 EDT)" raised an exception
Traceback (most recent call last):
  File "C:\Users\vedav\OneDrive\Documents\GitHub\Safe-Transaction\env\Lib\site-packages\apscheduler\executors\base.py", line 131, in run_job
    retval = job.func(*job.args, **job.kwargs)
             ^^^^^^^^^^^^^^^^^^^^^^^^^^^^^^^^^
  File "C:\Users\vedav\OneDrive\Documents\GitHub\Safe-Transaction\insta485\transaction_manager.py", line 558, in check_scheduled_deadlines
    expired_tickets = self.connection.execute("""
                      ^^^^^^^^^^^^^^^
AttributeError: 'TransactionManager' object has no attribute 'connection'
2025-09-29 23:07:48 - apscheduler.executors.default - ERROR - run_job:145 - Job "TransactionManager.check_scheduled_deadlines (trigger: interval[0:05:00], next run at: 2025-09-29 23:12:48 EDT)" raised an exception
Traceback (most recent call last):
  File "C:\Users\vedav\OneDrive\Documents\GitHub\Safe-Transaction\env\Lib\site-packages\apscheduler\executors\base.py", line 131, in run_job
    retval = job.func(*job.args, **job.kwargs)
             ^^^^^^^^^^^^^^^^^^^^^^^^^^^^^^^^^
  File "C:\Users\vedav\OneDrive\Documents\GitHub\Safe-Transaction\insta485\transaction_manager.py", line 558, in check_scheduled_deadlines
    expired_tickets = self.connection.execute("""
                      ^^^^^^^^^^^^^^^
AttributeError: 'TransactionManager' object has no attribute 'connection'
2025-10-01 05:21:24 - apscheduler.executors.default - ERROR - run_job:145 - Job "TransactionManager.check_scheduled_deadlines (trigger: interval[0:05:00], next run at: 2025-10-01 05:26:24 EDT)" raised an exception
Traceback (most recent call last):
  File "C:\Users\vedav\OneDrive\Documents\GitHub\Safe-Transaction\env\Lib\site-packages\apscheduler\executors\base.py", line 131, in run_job
    retval = job.func(*job.args, **job.kwargs)
             ^^^^^^^^^^^^^^^^^^^^^^^^^^^^^^^^^
  File "C:\Users\vedav\OneDrive\Documents\GitHub\Safe-Transaction\insta485\transaction_manager.py", line 558, in check_scheduled_deadlines
    expired_tickets = self.connection.execute("""
                      ^^^^^^^^^^^^^^^
AttributeError: 'TransactionManager' object has no attribute 'connection'
2025-10-01 05:22:48 - apscheduler.executors.default - ERROR - run_job:145 - Job "TransactionManager.check_scheduled_deadlines (trigger: interval[0:05:00], next run at: 2025-10-01 05:27:48 EDT)" raised an exception
Traceback (most recent call last):
  File "C:\Users\vedav\OneDrive\Documents\GitHub\Safe-Transaction\env\Lib\site-packages\apscheduler\executors\base.py", line 131, in run_job
    retval = job.func(*job.args, **job.kwargs)
             ^^^^^^^^^^^^^^^^^^^^^^^^^^^^^^^^^
  File "C:\Users\vedav\OneDrive\Documents\GitHub\Safe-Transaction\insta485\transaction_manager.py", line 558, in check_scheduled_deadlines
    expired_tickets = self.connection.execute("""
                      ^^^^^^^^^^^^^^^
AttributeError: 'TransactionManager' object has no attribute 'connection'
2025-10-01 05:26:24 - apscheduler.executors.default - ERROR - run_job:145 - Job "TransactionManager.check_scheduled_deadlines (trigger: interval[0:05:00], next run at: 2025-10-01 05:31:24 EDT)" raised an exception
Traceback (most recent call last):
  File "C:\Users\vedav\OneDrive\Documents\GitHub\Safe-Transaction\env\Lib\site-packages\apscheduler\executors\base.py", line 131, in run_job
    retval = job.func(*job.args, **job.kwargs)
             ^^^^^^^^^^^^^^^^^^^^^^^^^^^^^^^^^
  File "C:\Users\vedav\OneDrive\Documents\GitHub\Safe-Transaction\insta485\transaction_manager.py", line 558, in check_scheduled_deadlines
    expired_tickets = self.connection.execute("""
                      ^^^^^^^^^^^^^^^
AttributeError: 'TransactionManager' object has no attribute 'connection'
2025-10-01 05:27:48 - apscheduler.executors.default - ERROR - run_job:145 - Job "TransactionManager.check_scheduled_deadlines (trigger: interval[0:05:00], next run at: 2025-10-01 05:32:48 EDT)" raised an exception
Traceback (most recent call last):
  File "C:\Users\vedav\OneDrive\Documents\GitHub\Safe-Transaction\env\Lib\site-packages\apscheduler\executors\base.py", line 131, in run_job
    retval = job.func(*job.args, **job.kwargs)
             ^^^^^^^^^^^^^^^^^^^^^^^^^^^^^^^^^
  File "C:\Users\vedav\OneDrive\Documents\GitHub\Safe-Transaction\insta485\transaction_manager.py", line 558, in check_scheduled_deadlines
    expired_tickets = self.connection.execute("""
                      ^^^^^^^^^^^^^^^
AttributeError: 'TransactionManager' object has no attribute 'connection'
2025-10-01 05:31:24 - apscheduler.executors.default - ERROR - run_job:145 - Job "TransactionManager.check_scheduled_deadlines (trigger: interval[0:05:00], next run at: 2025-10-01 05:36:24 EDT)" raised an exception
Traceback (most recent call last):
  File "C:\Users\vedav\OneDrive\Documents\GitHub\Safe-Transaction\env\Lib\site-packages\apscheduler\executors\base.py", line 131, in run_job
    retval = job.func(*job.args, **job.kwargs)
             ^^^^^^^^^^^^^^^^^^^^^^^^^^^^^^^^^
  File "C:\Users\vedav\OneDrive\Documents\GitHub\Safe-Transaction\insta485\transaction_manager.py", line 558, in check_scheduled_deadlines
    expired_tickets = self.connection.execute("""
                      ^^^^^^^^^^^^^^^
AttributeError: 'TransactionManager' object has no attribute 'connection'
2025-10-01 05:32:48 - apscheduler.executors.default - ERROR - run_job:145 - Job "TransactionManager.check_scheduled_deadlines (trigger: interval[0:05:00], next run at: 2025-10-01 05:37:48 EDT)" raised an exception
Traceback (most recent call last):
  File "C:\Users\vedav\OneDrive\Documents\GitHub\Safe-Transaction\env\Lib\site-packages\apscheduler\executors\base.py", line 131, in run_job
    retval = job.func(*job.args, **job.kwargs)
             ^^^^^^^^^^^^^^^^^^^^^^^^^^^^^^^^^
  File "C:\Users\vedav\OneDrive\Documents\GitHub\Safe-Transaction\insta485\transaction_manager.py", line 558, in check_scheduled_deadlines
    expired_tickets = self.connection.execute("""
                      ^^^^^^^^^^^^^^^
AttributeError: 'TransactionManager' object has no attribute 'connection'
2025-10-01 05:36:24 - apscheduler.executors.default - ERROR - run_job:145 - Job "TransactionManager.check_scheduled_deadlines (trigger: interval[0:05:00], next run at: 2025-10-01 05:41:24 EDT)" raised an exception
Traceback (most recent call last):
  File "C:\Users\vedav\OneDrive\Documents\GitHub\Safe-Transaction\env\Lib\site-packages\apscheduler\executors\base.py", line 131, in run_job
    retval = job.func(*job.args, **job.kwargs)
             ^^^^^^^^^^^^^^^^^^^^^^^^^^^^^^^^^
  File "C:\Users\vedav\OneDrive\Documents\GitHub\Safe-Transaction\insta485\transaction_manager.py", line 558, in check_scheduled_deadlines
    expired_tickets = self.connection.execute("""
                      ^^^^^^^^^^^^^^^
AttributeError: 'TransactionManager' object has no attribute 'connection'
2025-10-01 05:37:48 - apscheduler.executors.default - ERROR - run_job:145 - Job "TransactionManager.check_scheduled_deadlines (trigger: interval[0:05:00], next run at: 2025-10-01 05:42:48 EDT)" raised an exception
Traceback (most recent call last):
  File "C:\Users\vedav\OneDrive\Documents\GitHub\Safe-Transaction\env\Lib\site-packages\apscheduler\executors\base.py", line 131, in run_job
    retval = job.func(*job.args, **job.kwargs)
             ^^^^^^^^^^^^^^^^^^^^^^^^^^^^^^^^^
  File "C:\Users\vedav\OneDrive\Documents\GitHub\Safe-Transaction\insta485\transaction_manager.py", line 558, in check_scheduled_deadlines
    expired_tickets = self.connection.execute("""
                      ^^^^^^^^^^^^^^^
AttributeError: 'TransactionManager' object has no attribute 'connection'
2025-10-01 05:41:24 - apscheduler.executors.default - ERROR - run_job:145 - Job "TransactionManager.check_scheduled_deadlines (trigger: interval[0:05:00], next run at: 2025-10-01 05:46:24 EDT)" raised an exception
Traceback (most recent call last):
  File "C:\Users\vedav\OneDrive\Documents\GitHub\Safe-Transaction\env\Lib\site-packages\apscheduler\executors\base.py", line 131, in run_job
    retval = job.func(*job.args, **job.kwargs)
             ^^^^^^^^^^^^^^^^^^^^^^^^^^^^^^^^^
  File "C:\Users\vedav\OneDrive\Documents\GitHub\Safe-Transaction\insta485\transaction_manager.py", line 558, in check_scheduled_deadlines
    expired_tickets = self.connection.execute("""
                      ^^^^^^^^^^^^^^^
AttributeError: 'TransactionManager' object has no attribute 'connection'
2025-10-01 05:42:48 - apscheduler.executors.default - ERROR - run_job:145 - Job "TransactionManager.check_scheduled_deadlines (trigger: interval[0:05:00], next run at: 2025-10-01 05:47:48 EDT)" raised an exception
Traceback (most recent call last):
  File "C:\Users\vedav\OneDrive\Documents\GitHub\Safe-Transaction\env\Lib\site-packages\apscheduler\executors\base.py", line 131, in run_job
    retval = job.func(*job.args, **job.kwargs)
             ^^^^^^^^^^^^^^^^^^^^^^^^^^^^^^^^^
  File "C:\Users\vedav\OneDrive\Documents\GitHub\Safe-Transaction\insta485\transaction_manager.py", line 558, in check_scheduled_deadlines
    expired_tickets = self.connection.execute("""
                      ^^^^^^^^^^^^^^^
AttributeError: 'TransactionManager' object has no attribute 'connection'
2025-10-01 05:46:24 - apscheduler.executors.default - ERROR - run_job:145 - Job "TransactionManager.check_scheduled_deadlines (trigger: interval[0:05:00], next run at: 2025-10-01 05:51:24 EDT)" raised an exception
Traceback (most recent call last):
  File "C:\Users\vedav\OneDrive\Documents\GitHub\Safe-Transaction\env\Lib\site-packages\apscheduler\executors\base.py", line 131, in run_job
    retval = job.func(*job.args, **job.kwargs)
             ^^^^^^^^^^^^^^^^^^^^^^^^^^^^^^^^^
  File "C:\Users\vedav\OneDrive\Documents\GitHub\Safe-Transaction\insta485\transaction_manager.py", line 558, in check_scheduled_deadlines
    expired_tickets = self.connection.execute("""
                      ^^^^^^^^^^^^^^^
AttributeError: 'TransactionManager' object has no attribute 'connection'
2025-10-01 05:47:48 - apscheduler.executors.default - ERROR - run_job:145 - Job "TransactionManager.check_scheduled_deadlines (trigger: interval[0:05:00], next run at: 2025-10-01 05:52:48 EDT)" raised an exception
Traceback (most recent call last):
  File "C:\Users\vedav\OneDrive\Documents\GitHub\Safe-Transaction\env\Lib\site-packages\apscheduler\executors\base.py", line 131, in run_job
    retval = job.func(*job.args, **job.kwargs)
             ^^^^^^^^^^^^^^^^^^^^^^^^^^^^^^^^^
  File "C:\Users\vedav\OneDrive\Documents\GitHub\Safe-Transaction\insta485\transaction_manager.py", line 558, in check_scheduled_deadlines
    expired_tickets = self.connection.execute("""
                      ^^^^^^^^^^^^^^^
AttributeError: 'TransactionManager' object has no attribute 'connection'
2025-10-01 05:51:24 - apscheduler.executors.default - ERROR - run_job:145 - Job "TransactionManager.check_scheduled_deadlines (trigger: interval[0:05:00], next run at: 2025-10-01 05:56:24 EDT)" raised an exception
Traceback (most recent call last):
  File "C:\Users\vedav\OneDrive\Documents\GitHub\Safe-Transaction\env\Lib\site-packages\apscheduler\executors\base.py", line 131, in run_job
    retval = job.func(*job.args, **job.kwargs)
             ^^^^^^^^^^^^^^^^^^^^^^^^^^^^^^^^^
  File "C:\Users\vedav\OneDrive\Documents\GitHub\Safe-Transaction\insta485\transaction_manager.py", line 558, in check_scheduled_deadlines
    expired_tickets = self.connection.execute("""
                      ^^^^^^^^^^^^^^^
AttributeError: 'TransactionManager' object has no attribute 'connection'
2025-10-01 05:52:48 - apscheduler.executors.default - ERROR - run_job:145 - Job "TransactionManager.check_scheduled_deadlines (trigger: interval[0:05:00], next run at: 2025-10-01 05:57:48 EDT)" raised an exception
Traceback (most recent call last):
  File "C:\Users\vedav\OneDrive\Documents\GitHub\Safe-Transaction\env\Lib\site-packages\apscheduler\executors\base.py", line 131, in run_job
    retval = job.func(*job.args, **job.kwargs)
             ^^^^^^^^^^^^^^^^^^^^^^^^^^^^^^^^^
  File "C:\Users\vedav\OneDrive\Documents\GitHub\Safe-Transaction\insta485\transaction_manager.py", line 558, in check_scheduled_deadlines
    expired_tickets = self.connection.execute("""
                      ^^^^^^^^^^^^^^^
AttributeError: 'TransactionManager' object has no attribute 'connection'
2025-10-01 05:56:24 - apscheduler.executors.default - ERROR - run_job:145 - Job "TransactionManager.check_scheduled_deadlines (trigger: interval[0:05:00], next run at: 2025-10-01 06:01:24 EDT)" raised an exception
Traceback (most recent call last):
  File "C:\Users\vedav\OneDrive\Documents\GitHub\Safe-Transaction\env\Lib\site-packages\apscheduler\executors\base.py", line 131, in run_job
    retval = job.func(*job.args, **job.kwargs)
             ^^^^^^^^^^^^^^^^^^^^^^^^^^^^^^^^^
  File "C:\Users\vedav\OneDrive\Documents\GitHub\Safe-Transaction\insta485\transaction_manager.py", line 558, in check_scheduled_deadlines
    expired_tickets = self.connection.execute("""
                      ^^^^^^^^^^^^^^^
AttributeError: 'TransactionManager' object has no attribute 'connection'
2025-10-01 05:57:48 - apscheduler.executors.default - ERROR - run_job:145 - Job "TransactionManager.check_scheduled_deadlines (trigger: interval[0:05:00], next run at: 2025-10-01 06:02:48 EDT)" raised an exception
Traceback (most recent call last):
  File "C:\Users\vedav\OneDrive\Documents\GitHub\Safe-Transaction\env\Lib\site-packages\apscheduler\executors\base.py", line 131, in run_job
    retval = job.func(*job.args, **job.kwargs)
             ^^^^^^^^^^^^^^^^^^^^^^^^^^^^^^^^^
  File "C:\Users\vedav\OneDrive\Documents\GitHub\Safe-Transaction\insta485\transaction_manager.py", line 558, in check_scheduled_deadlines
    expired_tickets = self.connection.execute("""
                      ^^^^^^^^^^^^^^^
AttributeError: 'TransactionManager' object has no attribute 'connection'
2025-10-01 06:01:24 - apscheduler.executors.default - ERROR - run_job:145 - Job "TransactionManager.check_scheduled_deadlines (trigger: interval[0:05:00], next run at: 2025-10-01 06:06:24 EDT)" raised an exception
Traceback (most recent call last):
  File "C:\Users\vedav\OneDrive\Documents\GitHub\Safe-Transaction\env\Lib\site-packages\apscheduler\executors\base.py", line 131, in run_job
    retval = job.func(*job.args, **job.kwargs)
             ^^^^^^^^^^^^^^^^^^^^^^^^^^^^^^^^^
  File "C:\Users\vedav\OneDrive\Documents\GitHub\Safe-Transaction\insta485\transaction_manager.py", line 558, in check_scheduled_deadlines
    expired_tickets = self.connection.execute("""
                      ^^^^^^^^^^^^^^^
AttributeError: 'TransactionManager' object has no attribute 'connection'
2025-10-01 06:02:48 - apscheduler.executors.default - ERROR - run_job:145 - Job "TransactionManager.check_scheduled_deadlines (trigger: interval[0:05:00], next run at: 2025-10-01 06:07:48 EDT)" raised an exception
Traceback (most recent call last):
  File "C:\Users\vedav\OneDrive\Documents\GitHub\Safe-Transaction\env\Lib\site-packages\apscheduler\executors\base.py", line 131, in run_job
    retval = job.func(*job.args, **job.kwargs)
             ^^^^^^^^^^^^^^^^^^^^^^^^^^^^^^^^^
  File "C:\Users\vedav\OneDrive\Documents\GitHub\Safe-Transaction\insta485\transaction_manager.py", line 558, in check_scheduled_deadlines
    expired_tickets = self.connection.execute("""
                      ^^^^^^^^^^^^^^^
AttributeError: 'TransactionManager' object has no attribute 'connection'
2025-10-01 06:06:24 - apscheduler.executors.default - ERROR - run_job:145 - Job "TransactionManager.check_scheduled_deadlines (trigger: interval[0:05:00], next run at: 2025-10-01 06:11:24 EDT)" raised an exception
Traceback (most recent call last):
  File "C:\Users\vedav\OneDrive\Documents\GitHub\Safe-Transaction\env\Lib\site-packages\apscheduler\executors\base.py", line 131, in run_job
    retval = job.func(*job.args, **job.kwargs)
             ^^^^^^^^^^^^^^^^^^^^^^^^^^^^^^^^^
  File "C:\Users\vedav\OneDrive\Documents\GitHub\Safe-Transaction\insta485\transaction_manager.py", line 558, in check_scheduled_deadlines
    expired_tickets = self.connection.execute("""
                      ^^^^^^^^^^^^^^^
AttributeError: 'TransactionManager' object has no attribute 'connection'
2025-10-01 06:07:48 - apscheduler.executors.default - ERROR - run_job:145 - Job "TransactionManager.check_scheduled_deadlines (trigger: interval[0:05:00], next run at: 2025-10-01 06:12:48 EDT)" raised an exception
Traceback (most recent call last):
  File "C:\Users\vedav\OneDrive\Documents\GitHub\Safe-Transaction\env\Lib\site-packages\apscheduler\executors\base.py", line 131, in run_job
    retval = job.func(*job.args, **job.kwargs)
             ^^^^^^^^^^^^^^^^^^^^^^^^^^^^^^^^^
  File "C:\Users\vedav\OneDrive\Documents\GitHub\Safe-Transaction\insta485\transaction_manager.py", line 558, in check_scheduled_deadlines
    expired_tickets = self.connection.execute("""
                      ^^^^^^^^^^^^^^^
AttributeError: 'TransactionManager' object has no attribute 'connection'
2025-10-01 06:11:24 - apscheduler.executors.default - ERROR - run_job:145 - Job "TransactionManager.check_scheduled_deadlines (trigger: interval[0:05:00], next run at: 2025-10-01 06:16:24 EDT)" raised an exception
Traceback (most recent call last):
  File "C:\Users\vedav\OneDrive\Documents\GitHub\Safe-Transaction\env\Lib\site-packages\apscheduler\executors\base.py", line 131, in run_job
    retval = job.func(*job.args, **job.kwargs)
             ^^^^^^^^^^^^^^^^^^^^^^^^^^^^^^^^^
  File "C:\Users\vedav\OneDrive\Documents\GitHub\Safe-Transaction\insta485\transaction_manager.py", line 558, in check_scheduled_deadlines
    expired_tickets = self.connection.execute("""
                      ^^^^^^^^^^^^^^^
AttributeError: 'TransactionManager' object has no attribute 'connection'
2025-10-01 06:12:48 - apscheduler.executors.default - ERROR - run_job:145 - Job "TransactionManager.check_scheduled_deadlines (trigger: interval[0:05:00], next run at: 2025-10-01 06:17:48 EDT)" raised an exception
Traceback (most recent call last):
  File "C:\Users\vedav\OneDrive\Documents\GitHub\Safe-Transaction\env\Lib\site-packages\apscheduler\executors\base.py", line 131, in run_job
    retval = job.func(*job.args, **job.kwargs)
             ^^^^^^^^^^^^^^^^^^^^^^^^^^^^^^^^^
  File "C:\Users\vedav\OneDrive\Documents\GitHub\Safe-Transaction\insta485\transaction_manager.py", line 558, in check_scheduled_deadlines
    expired_tickets = self.connection.execute("""
                      ^^^^^^^^^^^^^^^
AttributeError: 'TransactionManager' object has no attribute 'connection'
2025-10-01 06:16:24 - apscheduler.executors.default - ERROR - run_job:145 - Job "TransactionManager.check_scheduled_deadlines (trigger: interval[0:05:00], next run at: 2025-10-01 06:21:24 EDT)" raised an exception
Traceback (most recent call last):
  File "C:\Users\vedav\OneDrive\Documents\GitHub\Safe-Transaction\env\Lib\site-packages\apscheduler\executors\base.py", line 131, in run_job
    retval = job.func(*job.args, **job.kwargs)
             ^^^^^^^^^^^^^^^^^^^^^^^^^^^^^^^^^
  File "C:\Users\vedav\OneDrive\Documents\GitHub\Safe-Transaction\insta485\transaction_manager.py", line 558, in check_scheduled_deadlines
    expired_tickets = self.connection.execute("""
                      ^^^^^^^^^^^^^^^
AttributeError: 'TransactionManager' object has no attribute 'connection'
2025-10-01 06:17:48 - apscheduler.executors.default - ERROR - run_job:145 - Job "TransactionManager.check_scheduled_deadlines (trigger: interval[0:05:00], next run at: 2025-10-01 06:22:48 EDT)" raised an exception
Traceback (most recent call last):
  File "C:\Users\vedav\OneDrive\Documents\GitHub\Safe-Transaction\env\Lib\site-packages\apscheduler\executors\base.py", line 131, in run_job
    retval = job.func(*job.args, **job.kwargs)
             ^^^^^^^^^^^^^^^^^^^^^^^^^^^^^^^^^
  File "C:\Users\vedav\OneDrive\Documents\GitHub\Safe-Transaction\insta485\transaction_manager.py", line 558, in check_scheduled_deadlines
    expired_tickets = self.connection.execute("""
                      ^^^^^^^^^^^^^^^
AttributeError: 'TransactionManager' object has no attribute 'connection'
2025-10-01 06:21:24 - apscheduler.executors.default - ERROR - run_job:145 - Job "TransactionManager.check_scheduled_deadlines (trigger: interval[0:05:00], next run at: 2025-10-01 06:26:24 EDT)" raised an exception
Traceback (most recent call last):
  File "C:\Users\vedav\OneDrive\Documents\GitHub\Safe-Transaction\env\Lib\site-packages\apscheduler\executors\base.py", line 131, in run_job
    retval = job.func(*job.args, **job.kwargs)
             ^^^^^^^^^^^^^^^^^^^^^^^^^^^^^^^^^
  File "C:\Users\vedav\OneDrive\Documents\GitHub\Safe-Transaction\insta485\transaction_manager.py", line 558, in check_scheduled_deadlines
    expired_tickets = self.connection.execute("""
                      ^^^^^^^^^^^^^^^
AttributeError: 'TransactionManager' object has no attribute 'connection'
2025-10-01 06:22:48 - apscheduler.executors.default - ERROR - run_job:145 - Job "TransactionManager.check_scheduled_deadlines (trigger: interval[0:05:00], next run at: 2025-10-01 06:27:48 EDT)" raised an exception
Traceback (most recent call last):
  File "C:\Users\vedav\OneDrive\Documents\GitHub\Safe-Transaction\env\Lib\site-packages\apscheduler\executors\base.py", line 131, in run_job
    retval = job.func(*job.args, **job.kwargs)
             ^^^^^^^^^^^^^^^^^^^^^^^^^^^^^^^^^
  File "C:\Users\vedav\OneDrive\Documents\GitHub\Safe-Transaction\insta485\transaction_manager.py", line 558, in check_scheduled_deadlines
    expired_tickets = self.connection.execute("""
                      ^^^^^^^^^^^^^^^
AttributeError: 'TransactionManager' object has no attribute 'connection'
2025-10-01 06:26:24 - apscheduler.executors.default - ERROR - run_job:145 - Job "TransactionManager.check_scheduled_deadlines (trigger: interval[0:05:00], next run at: 2025-10-01 06:31:24 EDT)" raised an exception
Traceback (most recent call last):
  File "C:\Users\vedav\OneDrive\Documents\GitHub\Safe-Transaction\env\Lib\site-packages\apscheduler\executors\base.py", line 131, in run_job
    retval = job.func(*job.args, **job.kwargs)
             ^^^^^^^^^^^^^^^^^^^^^^^^^^^^^^^^^
  File "C:\Users\vedav\OneDrive\Documents\GitHub\Safe-Transaction\insta485\transaction_manager.py", line 558, in check_scheduled_deadlines
    expired_tickets = self.connection.execute("""
                      ^^^^^^^^^^^^^^^
AttributeError: 'TransactionManager' object has no attribute 'connection'
2025-10-01 07:07:48 - apscheduler.executors.default - ERROR - run_job:145 - Job "TransactionManager.check_scheduled_deadlines (trigger: interval[0:05:00], next run at: 2025-10-01 07:12:48 EDT)" raised an exception
Traceback (most recent call last):
  File "C:\Users\vedav\OneDrive\Documents\GitHub\Safe-Transaction\env\Lib\site-packages\apscheduler\executors\base.py", line 131, in run_job
    retval = job.func(*job.args, **job.kwargs)
             ^^^^^^^^^^^^^^^^^^^^^^^^^^^^^^^^^
  File "C:\Users\vedav\OneDrive\Documents\GitHub\Safe-Transaction\insta485\transaction_manager.py", line 558, in check_scheduled_deadlines
    expired_tickets = self.connection.execute("""
                      ^^^^^^^^^^^^^^^
AttributeError: 'TransactionManager' object has no attribute 'connection'
2025-10-01 10:56:24 - apscheduler.executors.default - ERROR - run_job:145 - Job "TransactionManager.check_scheduled_deadlines (trigger: interval[0:05:00], next run at: 2025-10-01 11:01:24 EDT)" raised an exception
Traceback (most recent call last):
  File "C:\Users\vedav\OneDrive\Documents\GitHub\Safe-Transaction\env\Lib\site-packages\apscheduler\executors\base.py", line 131, in run_job
    retval = job.func(*job.args, **job.kwargs)
             ^^^^^^^^^^^^^^^^^^^^^^^^^^^^^^^^^
  File "C:\Users\vedav\OneDrive\Documents\GitHub\Safe-Transaction\insta485\transaction_manager.py", line 558, in check_scheduled_deadlines
    expired_tickets = self.connection.execute("""
                      ^^^^^^^^^^^^^^^
AttributeError: 'TransactionManager' object has no attribute 'connection'
2025-10-01 10:57:48 - apscheduler.executors.default - ERROR - run_job:145 - Job "TransactionManager.check_scheduled_deadlines (trigger: interval[0:05:00], next run at: 2025-10-01 11:02:48 EDT)" raised an exception
Traceback (most recent call last):
  File "C:\Users\vedav\OneDrive\Documents\GitHub\Safe-Transaction\env\Lib\site-packages\apscheduler\executors\base.py", line 131, in run_job
    retval = job.func(*job.args, **job.kwargs)
             ^^^^^^^^^^^^^^^^^^^^^^^^^^^^^^^^^
  File "C:\Users\vedav\OneDrive\Documents\GitHub\Safe-Transaction\insta485\transaction_manager.py", line 558, in check_scheduled_deadlines
    expired_tickets = self.connection.execute("""
                      ^^^^^^^^^^^^^^^
AttributeError: 'TransactionManager' object has no attribute 'connection'
2025-10-01 11:01:24 - apscheduler.executors.default - ERROR - run_job:145 - Job "TransactionManager.check_scheduled_deadlines (trigger: interval[0:05:00], next run at: 2025-10-01 11:06:24 EDT)" raised an exception
Traceback (most recent call last):
  File "C:\Users\vedav\OneDrive\Documents\GitHub\Safe-Transaction\env\Lib\site-packages\apscheduler\executors\base.py", line 131, in run_job
    retval = job.func(*job.args, **job.kwargs)
             ^^^^^^^^^^^^^^^^^^^^^^^^^^^^^^^^^
  File "C:\Users\vedav\OneDrive\Documents\GitHub\Safe-Transaction\insta485\transaction_manager.py", line 558, in check_scheduled_deadlines
    expired_tickets = self.connection.execute("""
                      ^^^^^^^^^^^^^^^
AttributeError: 'TransactionManager' object has no attribute 'connection'
2025-10-01 12:56:24 - apscheduler.executors.default - ERROR - run_job:145 - Job "TransactionManager.check_scheduled_deadlines (trigger: interval[0:05:00], next run at: 2025-10-01 13:01:24 EDT)" raised an exception
Traceback (most recent call last):
  File "C:\Users\vedav\OneDrive\Documents\GitHub\Safe-Transaction\env\Lib\site-packages\apscheduler\executors\base.py", line 131, in run_job
    retval = job.func(*job.args, **job.kwargs)
             ^^^^^^^^^^^^^^^^^^^^^^^^^^^^^^^^^
  File "C:\Users\vedav\OneDrive\Documents\GitHub\Safe-Transaction\insta485\transaction_manager.py", line 558, in check_scheduled_deadlines
    expired_tickets = self.connection.execute("""
                      ^^^^^^^^^^^^^^^
AttributeError: 'TransactionManager' object has no attribute 'connection'
2025-10-01 13:06:24 - apscheduler.executors.default - ERROR - run_job:145 - Job "TransactionManager.check_scheduled_deadlines (trigger: interval[0:05:00], next run at: 2025-10-01 13:11:24 EDT)" raised an exception
Traceback (most recent call last):
  File "C:\Users\vedav\OneDrive\Documents\GitHub\Safe-Transaction\env\Lib\site-packages\apscheduler\executors\base.py", line 131, in run_job
    retval = job.func(*job.args, **job.kwargs)
             ^^^^^^^^^^^^^^^^^^^^^^^^^^^^^^^^^
  File "C:\Users\vedav\OneDrive\Documents\GitHub\Safe-Transaction\insta485\transaction_manager.py", line 558, in check_scheduled_deadlines
    expired_tickets = self.connection.execute("""
                      ^^^^^^^^^^^^^^^
AttributeError: 'TransactionManager' object has no attribute 'connection'
2025-10-01 13:12:48 - apscheduler.executors.default - ERROR - run_job:145 - Job "TransactionManager.check_scheduled_deadlines (trigger: interval[0:05:00], next run at: 2025-10-01 13:17:48 EDT)" raised an exception
Traceback (most recent call last):
  File "C:\Users\vedav\OneDrive\Documents\GitHub\Safe-Transaction\env\Lib\site-packages\apscheduler\executors\base.py", line 131, in run_job
    retval = job.func(*job.args, **job.kwargs)
             ^^^^^^^^^^^^^^^^^^^^^^^^^^^^^^^^^
  File "C:\Users\vedav\OneDrive\Documents\GitHub\Safe-Transaction\insta485\transaction_manager.py", line 558, in check_scheduled_deadlines
    expired_tickets = self.connection.execute("""
                      ^^^^^^^^^^^^^^^
AttributeError: 'TransactionManager' object has no attribute 'connection'
2025-10-01 13:16:24 - apscheduler.executors.default - ERROR - run_job:145 - Job "TransactionManager.check_scheduled_deadlines (trigger: interval[0:05:00], next run at: 2025-10-01 13:21:24 EDT)" raised an exception
Traceback (most recent call last):
  File "C:\Users\vedav\OneDrive\Documents\GitHub\Safe-Transaction\env\Lib\site-packages\apscheduler\executors\base.py", line 131, in run_job
    retval = job.func(*job.args, **job.kwargs)
             ^^^^^^^^^^^^^^^^^^^^^^^^^^^^^^^^^
  File "C:\Users\vedav\OneDrive\Documents\GitHub\Safe-Transaction\insta485\transaction_manager.py", line 558, in check_scheduled_deadlines
    expired_tickets = self.connection.execute("""
                      ^^^^^^^^^^^^^^^
AttributeError: 'TransactionManager' object has no attribute 'connection'
2025-10-05 18:52:48 - apscheduler.executors.default - ERROR - run_job:145 - Job "TransactionManager.check_scheduled_deadlines (trigger: interval[0:05:00], next run at: 2025-10-05 18:57:48 EDT)" raised an exception
Traceback (most recent call last):
  File "C:\Users\vedav\OneDrive\Documents\GitHub\Safe-Transaction\env\Lib\site-packages\apscheduler\executors\base.py", line 131, in run_job
    retval = job.func(*job.args, **job.kwargs)
             ^^^^^^^^^^^^^^^^^^^^^^^^^^^^^^^^^
  File "C:\Users\vedav\OneDrive\Documents\GitHub\Safe-Transaction\insta485\transaction_manager.py", line 558, in check_scheduled_deadlines
    expired_tickets = self.connection.execute("""
                      ^^^^^^^^^^^^^^^
AttributeError: 'TransactionManager' object has no attribute 'connection'
2025-10-05 18:56:24 - apscheduler.executors.default - ERROR - run_job:145 - Job "TransactionManager.check_scheduled_deadlines (trigger: interval[0:05:00], next run at: 2025-10-05 19:01:24 EDT)" raised an exception
Traceback (most recent call last):
  File "C:\Users\vedav\OneDrive\Documents\GitHub\Safe-Transaction\env\Lib\site-packages\apscheduler\executors\base.py", line 131, in run_job
    retval = job.func(*job.args, **job.kwargs)
             ^^^^^^^^^^^^^^^^^^^^^^^^^^^^^^^^^
  File "C:\Users\vedav\OneDrive\Documents\GitHub\Safe-Transaction\insta485\transaction_manager.py", line 558, in check_scheduled_deadlines
    expired_tickets = self.connection.execute("""
                      ^^^^^^^^^^^^^^^
AttributeError: 'TransactionManager' object has no attribute 'connection'
2025-10-05 18:57:48 - apscheduler.executors.default - ERROR - run_job:145 - Job "TransactionManager.check_scheduled_deadlines (trigger: interval[0:05:00], next run at: 2025-10-05 19:02:48 EDT)" raised an exception
Traceback (most recent call last):
  File "C:\Users\vedav\OneDrive\Documents\GitHub\Safe-Transaction\env\Lib\site-packages\apscheduler\executors\base.py", line 131, in run_job
    retval = job.func(*job.args, **job.kwargs)
             ^^^^^^^^^^^^^^^^^^^^^^^^^^^^^^^^^
  File "C:\Users\vedav\OneDrive\Documents\GitHub\Safe-Transaction\insta485\transaction_manager.py", line 558, in check_scheduled_deadlines
    expired_tickets = self.connection.execute("""
                      ^^^^^^^^^^^^^^^
AttributeError: 'TransactionManager' object has no attribute 'connection'
2025-10-06 17:21:24 - apscheduler.executors.default - ERROR - run_job:145 - Job "TransactionManager.check_scheduled_deadlines (trigger: interval[0:05:00], next run at: 2025-10-06 17:26:24 EDT)" raised an exception
Traceback (most recent call last):
  File "C:\Users\vedav\OneDrive\Documents\GitHub\Safe-Transaction\env\Lib\site-packages\apscheduler\executors\base.py", line 131, in run_job
    retval = job.func(*job.args, **job.kwargs)
             ^^^^^^^^^^^^^^^^^^^^^^^^^^^^^^^^^
  File "C:\Users\vedav\OneDrive\Documents\GitHub\Safe-Transaction\insta485\transaction_manager.py", line 558, in check_scheduled_deadlines
    expired_tickets = self.connection.execute("""
                      ^^^^^^^^^^^^^^^
AttributeError: 'TransactionManager' object has no attribute 'connection'
2025-10-06 17:22:48 - apscheduler.executors.default - ERROR - run_job:145 - Job "TransactionManager.check_scheduled_deadlines (trigger: interval[0:05:00], next run at: 2025-10-06 17:27:48 EDT)" raised an exception
Traceback (most recent call last):
  File "C:\Users\vedav\OneDrive\Documents\GitHub\Safe-Transaction\env\Lib\site-packages\apscheduler\executors\base.py", line 131, in run_job
    retval = job.func(*job.args, **job.kwargs)
             ^^^^^^^^^^^^^^^^^^^^^^^^^^^^^^^^^
  File "C:\Users\vedav\OneDrive\Documents\GitHub\Safe-Transaction\insta485\transaction_manager.py", line 558, in check_scheduled_deadlines
    expired_tickets = self.connection.execute("""
                      ^^^^^^^^^^^^^^^
AttributeError: 'TransactionManager' object has no attribute 'connection'
2025-10-06 17:26:24 - apscheduler.executors.default - ERROR - run_job:145 - Job "TransactionManager.check_scheduled_deadlines (trigger: interval[0:05:00], next run at: 2025-10-06 17:31:24 EDT)" raised an exception
Traceback (most recent call last):
  File "C:\Users\vedav\OneDrive\Documents\GitHub\Safe-Transaction\env\Lib\site-packages\apscheduler\executors\base.py", line 131, in run_job
    retval = job.func(*job.args, **job.kwargs)
             ^^^^^^^^^^^^^^^^^^^^^^^^^^^^^^^^^
  File "C:\Users\vedav\OneDrive\Documents\GitHub\Safe-Transaction\insta485\transaction_manager.py", line 558, in check_scheduled_deadlines
    expired_tickets = self.connection.execute("""
                      ^^^^^^^^^^^^^^^
AttributeError: 'TransactionManager' object has no attribute 'connection'
2025-10-06 17:27:48 - apscheduler.executors.default - ERROR - run_job:145 - Job "TransactionManager.check_scheduled_deadlines (trigger: interval[0:05:00], next run at: 2025-10-06 17:32:48 EDT)" raised an exception
Traceback (most recent call last):
  File "C:\Users\vedav\OneDrive\Documents\GitHub\Safe-Transaction\env\Lib\site-packages\apscheduler\executors\base.py", line 131, in run_job
    retval = job.func(*job.args, **job.kwargs)
             ^^^^^^^^^^^^^^^^^^^^^^^^^^^^^^^^^
  File "C:\Users\vedav\OneDrive\Documents\GitHub\Safe-Transaction\insta485\transaction_manager.py", line 558, in check_scheduled_deadlines
    expired_tickets = self.connection.execute("""
                      ^^^^^^^^^^^^^^^
AttributeError: 'TransactionManager' object has no attribute 'connection'
2025-10-06 17:31:24 - apscheduler.executors.default - ERROR - run_job:145 - Job "TransactionManager.check_scheduled_deadlines (trigger: interval[0:05:00], next run at: 2025-10-06 17:36:24 EDT)" raised an exception
Traceback (most recent call last):
  File "C:\Users\vedav\OneDrive\Documents\GitHub\Safe-Transaction\env\Lib\site-packages\apscheduler\executors\base.py", line 131, in run_job
    retval = job.func(*job.args, **job.kwargs)
             ^^^^^^^^^^^^^^^^^^^^^^^^^^^^^^^^^
  File "C:\Users\vedav\OneDrive\Documents\GitHub\Safe-Transaction\insta485\transaction_manager.py", line 558, in check_scheduled_deadlines
    expired_tickets = self.connection.execute("""
                      ^^^^^^^^^^^^^^^
AttributeError: 'TransactionManager' object has no attribute 'connection'
2025-10-06 17:32:48 - apscheduler.executors.default - ERROR - run_job:145 - Job "TransactionManager.check_scheduled_deadlines (trigger: interval[0:05:00], next run at: 2025-10-06 17:37:48 EDT)" raised an exception
Traceback (most recent call last):
  File "C:\Users\vedav\OneDrive\Documents\GitHub\Safe-Transaction\env\Lib\site-packages\apscheduler\executors\base.py", line 131, in run_job
    retval = job.func(*job.args, **job.kwargs)
             ^^^^^^^^^^^^^^^^^^^^^^^^^^^^^^^^^
  File "C:\Users\vedav\OneDrive\Documents\GitHub\Safe-Transaction\insta485\transaction_manager.py", line 558, in check_scheduled_deadlines
    expired_tickets = self.connection.execute("""
                      ^^^^^^^^^^^^^^^
AttributeError: 'TransactionManager' object has no attribute 'connection'
2025-10-06 17:36:24 - apscheduler.executors.default - ERROR - run_job:145 - Job "TransactionManager.check_scheduled_deadlines (trigger: interval[0:05:00], next run at: 2025-10-06 17:41:24 EDT)" raised an exception
Traceback (most recent call last):
  File "C:\Users\vedav\OneDrive\Documents\GitHub\Safe-Transaction\env\Lib\site-packages\apscheduler\executors\base.py", line 131, in run_job
    retval = job.func(*job.args, **job.kwargs)
             ^^^^^^^^^^^^^^^^^^^^^^^^^^^^^^^^^
  File "C:\Users\vedav\OneDrive\Documents\GitHub\Safe-Transaction\insta485\transaction_manager.py", line 558, in check_scheduled_deadlines
    expired_tickets = self.connection.execute("""
                      ^^^^^^^^^^^^^^^
AttributeError: 'TransactionManager' object has no attribute 'connection'
2025-10-06 17:37:48 - apscheduler.executors.default - ERROR - run_job:145 - Job "TransactionManager.check_scheduled_deadlines (trigger: interval[0:05:00], next run at: 2025-10-06 17:42:48 EDT)" raised an exception
Traceback (most recent call last):
  File "C:\Users\vedav\OneDrive\Documents\GitHub\Safe-Transaction\env\Lib\site-packages\apscheduler\executors\base.py", line 131, in run_job
    retval = job.func(*job.args, **job.kwargs)
             ^^^^^^^^^^^^^^^^^^^^^^^^^^^^^^^^^
  File "C:\Users\vedav\OneDrive\Documents\GitHub\Safe-Transaction\insta485\transaction_manager.py", line 558, in check_scheduled_deadlines
    expired_tickets = self.connection.execute("""
                      ^^^^^^^^^^^^^^^
AttributeError: 'TransactionManager' object has no attribute 'connection'
2025-10-06 17:41:24 - apscheduler.executors.default - ERROR - run_job:145 - Job "TransactionManager.check_scheduled_deadlines (trigger: interval[0:05:00], next run at: 2025-10-06 17:46:24 EDT)" raised an exception
Traceback (most recent call last):
  File "C:\Users\vedav\OneDrive\Documents\GitHub\Safe-Transaction\env\Lib\site-packages\apscheduler\executors\base.py", line 131, in run_job
    retval = job.func(*job.args, **job.kwargs)
             ^^^^^^^^^^^^^^^^^^^^^^^^^^^^^^^^^
  File "C:\Users\vedav\OneDrive\Documents\GitHub\Safe-Transaction\insta485\transaction_manager.py", line 558, in check_scheduled_deadlines
    expired_tickets = self.connection.execute("""
                      ^^^^^^^^^^^^^^^
AttributeError: 'TransactionManager' object has no attribute 'connection'
2025-10-06 17:42:48 - apscheduler.executors.default - ERROR - run_job:145 - Job "TransactionManager.check_scheduled_deadlines (trigger: interval[0:05:00], next run at: 2025-10-06 17:47:48 EDT)" raised an exception
Traceback (most recent call last):
  File "C:\Users\vedav\OneDrive\Documents\GitHub\Safe-Transaction\env\Lib\site-packages\apscheduler\executors\base.py", line 131, in run_job
    retval = job.func(*job.args, **job.kwargs)
             ^^^^^^^^^^^^^^^^^^^^^^^^^^^^^^^^^
  File "C:\Users\vedav\OneDrive\Documents\GitHub\Safe-Transaction\insta485\transaction_manager.py", line 558, in check_scheduled_deadlines
    expired_tickets = self.connection.execute("""
                      ^^^^^^^^^^^^^^^
AttributeError: 'TransactionManager' object has no attribute 'connection'
2025-10-06 17:46:24 - apscheduler.executors.default - ERROR - run_job:145 - Job "TransactionManager.check_scheduled_deadlines (trigger: interval[0:05:00], next run at: 2025-10-06 17:51:24 EDT)" raised an exception
Traceback (most recent call last):
  File "C:\Users\vedav\OneDrive\Documents\GitHub\Safe-Transaction\env\Lib\site-packages\apscheduler\executors\base.py", line 131, in run_job
    retval = job.func(*job.args, **job.kwargs)
             ^^^^^^^^^^^^^^^^^^^^^^^^^^^^^^^^^
  File "C:\Users\vedav\OneDrive\Documents\GitHub\Safe-Transaction\insta485\transaction_manager.py", line 558, in check_scheduled_deadlines
    expired_tickets = self.connection.execute("""
                      ^^^^^^^^^^^^^^^
AttributeError: 'TransactionManager' object has no attribute 'connection'
2025-10-06 17:47:48 - apscheduler.executors.default - ERROR - run_job:145 - Job "TransactionManager.check_scheduled_deadlines (trigger: interval[0:05:00], next run at: 2025-10-06 17:52:48 EDT)" raised an exception
Traceback (most recent call last):
  File "C:\Users\vedav\OneDrive\Documents\GitHub\Safe-Transaction\env\Lib\site-packages\apscheduler\executors\base.py", line 131, in run_job
    retval = job.func(*job.args, **job.kwargs)
             ^^^^^^^^^^^^^^^^^^^^^^^^^^^^^^^^^
  File "C:\Users\vedav\OneDrive\Documents\GitHub\Safe-Transaction\insta485\transaction_manager.py", line 558, in check_scheduled_deadlines
    expired_tickets = self.connection.execute("""
                      ^^^^^^^^^^^^^^^
AttributeError: 'TransactionManager' object has no attribute 'connection'
2025-10-06 17:51:24 - apscheduler.executors.default - ERROR - run_job:145 - Job "TransactionManager.check_scheduled_deadlines (trigger: interval[0:05:00], next run at: 2025-10-06 17:56:24 EDT)" raised an exception
Traceback (most recent call last):
  File "C:\Users\vedav\OneDrive\Documents\GitHub\Safe-Transaction\env\Lib\site-packages\apscheduler\executors\base.py", line 131, in run_job
    retval = job.func(*job.args, **job.kwargs)
             ^^^^^^^^^^^^^^^^^^^^^^^^^^^^^^^^^
  File "C:\Users\vedav\OneDrive\Documents\GitHub\Safe-Transaction\insta485\transaction_manager.py", line 558, in check_scheduled_deadlines
    expired_tickets = self.connection.execute("""
                      ^^^^^^^^^^^^^^^
AttributeError: 'TransactionManager' object has no attribute 'connection'
2025-10-06 17:52:48 - apscheduler.executors.default - ERROR - run_job:145 - Job "TransactionManager.check_scheduled_deadlines (trigger: interval[0:05:00], next run at: 2025-10-06 17:57:48 EDT)" raised an exception
Traceback (most recent call last):
  File "C:\Users\vedav\OneDrive\Documents\GitHub\Safe-Transaction\env\Lib\site-packages\apscheduler\executors\base.py", line 131, in run_job
    retval = job.func(*job.args, **job.kwargs)
             ^^^^^^^^^^^^^^^^^^^^^^^^^^^^^^^^^
  File "C:\Users\vedav\OneDrive\Documents\GitHub\Safe-Transaction\insta485\transaction_manager.py", line 558, in check_scheduled_deadlines
    expired_tickets = self.connection.execute("""
                      ^^^^^^^^^^^^^^^
AttributeError: 'TransactionManager' object has no attribute 'connection'
2025-10-06 17:56:24 - apscheduler.executors.default - ERROR - run_job:145 - Job "TransactionManager.check_scheduled_deadlines (trigger: interval[0:05:00], next run at: 2025-10-06 18:01:24 EDT)" raised an exception
Traceback (most recent call last):
  File "C:\Users\vedav\OneDrive\Documents\GitHub\Safe-Transaction\env\Lib\site-packages\apscheduler\executors\base.py", line 131, in run_job
    retval = job.func(*job.args, **job.kwargs)
             ^^^^^^^^^^^^^^^^^^^^^^^^^^^^^^^^^
  File "C:\Users\vedav\OneDrive\Documents\GitHub\Safe-Transaction\insta485\transaction_manager.py", line 558, in check_scheduled_deadlines
    expired_tickets = self.connection.execute("""
                      ^^^^^^^^^^^^^^^
AttributeError: 'TransactionManager' object has no attribute 'connection'
2025-10-06 17:57:48 - apscheduler.executors.default - ERROR - run_job:145 - Job "TransactionManager.check_scheduled_deadlines (trigger: interval[0:05:00], next run at: 2025-10-06 18:02:48 EDT)" raised an exception
Traceback (most recent call last):
  File "C:\Users\vedav\OneDrive\Documents\GitHub\Safe-Transaction\env\Lib\site-packages\apscheduler\executors\base.py", line 131, in run_job
    retval = job.func(*job.args, **job.kwargs)
             ^^^^^^^^^^^^^^^^^^^^^^^^^^^^^^^^^
  File "C:\Users\vedav\OneDrive\Documents\GitHub\Safe-Transaction\insta485\transaction_manager.py", line 558, in check_scheduled_deadlines
    expired_tickets = self.connection.execute("""
                      ^^^^^^^^^^^^^^^
AttributeError: 'TransactionManager' object has no attribute 'connection'
2025-10-06 18:01:24 - apscheduler.executors.default - ERROR - run_job:145 - Job "TransactionManager.check_scheduled_deadlines (trigger: interval[0:05:00], next run at: 2025-10-06 18:06:24 EDT)" raised an exception
Traceback (most recent call last):
  File "C:\Users\vedav\OneDrive\Documents\GitHub\Safe-Transaction\env\Lib\site-packages\apscheduler\executors\base.py", line 131, in run_job
    retval = job.func(*job.args, **job.kwargs)
             ^^^^^^^^^^^^^^^^^^^^^^^^^^^^^^^^^
  File "C:\Users\vedav\OneDrive\Documents\GitHub\Safe-Transaction\insta485\transaction_manager.py", line 558, in check_scheduled_deadlines
    expired_tickets = self.connection.execute("""
                      ^^^^^^^^^^^^^^^
AttributeError: 'TransactionManager' object has no attribute 'connection'
2025-10-06 18:02:48 - apscheduler.executors.default - ERROR - run_job:145 - Job "TransactionManager.check_scheduled_deadlines (trigger: interval[0:05:00], next run at: 2025-10-06 18:07:48 EDT)" raised an exception
Traceback (most recent call last):
  File "C:\Users\vedav\OneDrive\Documents\GitHub\Safe-Transaction\env\Lib\site-packages\apscheduler\executors\base.py", line 131, in run_job
    retval = job.func(*job.args, **job.kwargs)
             ^^^^^^^^^^^^^^^^^^^^^^^^^^^^^^^^^
  File "C:\Users\vedav\OneDrive\Documents\GitHub\Safe-Transaction\insta485\transaction_manager.py", line 558, in check_scheduled_deadlines
    expired_tickets = self.connection.execute("""
                      ^^^^^^^^^^^^^^^
AttributeError: 'TransactionManager' object has no attribute 'connection'
2025-10-06 18:06:24 - apscheduler.executors.default - ERROR - run_job:145 - Job "TransactionManager.check_scheduled_deadlines (trigger: interval[0:05:00], next run at: 2025-10-06 18:11:24 EDT)" raised an exception
Traceback (most recent call last):
  File "C:\Users\vedav\OneDrive\Documents\GitHub\Safe-Transaction\env\Lib\site-packages\apscheduler\executors\base.py", line 131, in run_job
    retval = job.func(*job.args, **job.kwargs)
             ^^^^^^^^^^^^^^^^^^^^^^^^^^^^^^^^^
  File "C:\Users\vedav\OneDrive\Documents\GitHub\Safe-Transaction\insta485\transaction_manager.py", line 558, in check_scheduled_deadlines
    expired_tickets = self.connection.execute("""
                      ^^^^^^^^^^^^^^^
AttributeError: 'TransactionManager' object has no attribute 'connection'
2025-10-06 18:07:48 - apscheduler.executors.default - ERROR - run_job:145 - Job "TransactionManager.check_scheduled_deadlines (trigger: interval[0:05:00], next run at: 2025-10-06 18:12:48 EDT)" raised an exception
Traceback (most recent call last):
  File "C:\Users\vedav\OneDrive\Documents\GitHub\Safe-Transaction\env\Lib\site-packages\apscheduler\executors\base.py", line 131, in run_job
    retval = job.func(*job.args, **job.kwargs)
             ^^^^^^^^^^^^^^^^^^^^^^^^^^^^^^^^^
  File "C:\Users\vedav\OneDrive\Documents\GitHub\Safe-Transaction\insta485\transaction_manager.py", line 558, in check_scheduled_deadlines
    expired_tickets = self.connection.execute("""
                      ^^^^^^^^^^^^^^^
AttributeError: 'TransactionManager' object has no attribute 'connection'
2025-10-06 18:11:24 - apscheduler.executors.default - ERROR - run_job:145 - Job "TransactionManager.check_scheduled_deadlines (trigger: interval[0:05:00], next run at: 2025-10-06 18:16:24 EDT)" raised an exception
Traceback (most recent call last):
  File "C:\Users\vedav\OneDrive\Documents\GitHub\Safe-Transaction\env\Lib\site-packages\apscheduler\executors\base.py", line 131, in run_job
    retval = job.func(*job.args, **job.kwargs)
             ^^^^^^^^^^^^^^^^^^^^^^^^^^^^^^^^^
  File "C:\Users\vedav\OneDrive\Documents\GitHub\Safe-Transaction\insta485\transaction_manager.py", line 558, in check_scheduled_deadlines
    expired_tickets = self.connection.execute("""
                      ^^^^^^^^^^^^^^^
AttributeError: 'TransactionManager' object has no attribute 'connection'
2025-10-06 18:12:48 - apscheduler.executors.default - ERROR - run_job:145 - Job "TransactionManager.check_scheduled_deadlines (trigger: interval[0:05:00], next run at: 2025-10-06 18:17:48 EDT)" raised an exception
Traceback (most recent call last):
  File "C:\Users\vedav\OneDrive\Documents\GitHub\Safe-Transaction\env\Lib\site-packages\apscheduler\executors\base.py", line 131, in run_job
    retval = job.func(*job.args, **job.kwargs)
             ^^^^^^^^^^^^^^^^^^^^^^^^^^^^^^^^^
  File "C:\Users\vedav\OneDrive\Documents\GitHub\Safe-Transaction\insta485\transaction_manager.py", line 558, in check_scheduled_deadlines
    expired_tickets = self.connection.execute("""
                      ^^^^^^^^^^^^^^^
AttributeError: 'TransactionManager' object has no attribute 'connection'
2025-10-06 18:16:24 - apscheduler.executors.default - ERROR - run_job:145 - Job "TransactionManager.check_scheduled_deadlines (trigger: interval[0:05:00], next run at: 2025-10-06 18:21:24 EDT)" raised an exception
Traceback (most recent call last):
  File "C:\Users\vedav\OneDrive\Documents\GitHub\Safe-Transaction\env\Lib\site-packages\apscheduler\executors\base.py", line 131, in run_job
    retval = job.func(*job.args, **job.kwargs)
             ^^^^^^^^^^^^^^^^^^^^^^^^^^^^^^^^^
  File "C:\Users\vedav\OneDrive\Documents\GitHub\Safe-Transaction\insta485\transaction_manager.py", line 558, in check_scheduled_deadlines
    expired_tickets = self.connection.execute("""
                      ^^^^^^^^^^^^^^^
AttributeError: 'TransactionManager' object has no attribute 'connection'
2025-10-06 18:17:48 - apscheduler.executors.default - ERROR - run_job:145 - Job "TransactionManager.check_scheduled_deadlines (trigger: interval[0:05:00], next run at: 2025-10-06 18:22:48 EDT)" raised an exception
Traceback (most recent call last):
  File "C:\Users\vedav\OneDrive\Documents\GitHub\Safe-Transaction\env\Lib\site-packages\apscheduler\executors\base.py", line 131, in run_job
    retval = job.func(*job.args, **job.kwargs)
             ^^^^^^^^^^^^^^^^^^^^^^^^^^^^^^^^^
  File "C:\Users\vedav\OneDrive\Documents\GitHub\Safe-Transaction\insta485\transaction_manager.py", line 558, in check_scheduled_deadlines
    expired_tickets = self.connection.execute("""
                      ^^^^^^^^^^^^^^^
AttributeError: 'TransactionManager' object has no attribute 'connection'
2025-10-06 18:21:24 - apscheduler.executors.default - ERROR - run_job:145 - Job "TransactionManager.check_scheduled_deadlines (trigger: interval[0:05:00], next run at: 2025-10-06 18:26:24 EDT)" raised an exception
Traceback (most recent call last):
  File "C:\Users\vedav\OneDrive\Documents\GitHub\Safe-Transaction\env\Lib\site-packages\apscheduler\executors\base.py", line 131, in run_job
    retval = job.func(*job.args, **job.kwargs)
             ^^^^^^^^^^^^^^^^^^^^^^^^^^^^^^^^^
  File "C:\Users\vedav\OneDrive\Documents\GitHub\Safe-Transaction\insta485\transaction_manager.py", line 558, in check_scheduled_deadlines
    expired_tickets = self.connection.execute("""
                      ^^^^^^^^^^^^^^^
AttributeError: 'TransactionManager' object has no attribute 'connection'
2025-10-06 18:22:48 - apscheduler.executors.default - ERROR - run_job:145 - Job "TransactionManager.check_scheduled_deadlines (trigger: interval[0:05:00], next run at: 2025-10-06 18:27:48 EDT)" raised an exception
Traceback (most recent call last):
  File "C:\Users\vedav\OneDrive\Documents\GitHub\Safe-Transaction\env\Lib\site-packages\apscheduler\executors\base.py", line 131, in run_job
    retval = job.func(*job.args, **job.kwargs)
             ^^^^^^^^^^^^^^^^^^^^^^^^^^^^^^^^^
  File "C:\Users\vedav\OneDrive\Documents\GitHub\Safe-Transaction\insta485\transaction_manager.py", line 558, in check_scheduled_deadlines
    expired_tickets = self.connection.execute("""
                      ^^^^^^^^^^^^^^^
AttributeError: 'TransactionManager' object has no attribute 'connection'
2025-10-06 18:26:24 - apscheduler.executors.default - ERROR - run_job:145 - Job "TransactionManager.check_scheduled_deadlines (trigger: interval[0:05:00], next run at: 2025-10-06 18:31:24 EDT)" raised an exception
Traceback (most recent call last):
  File "C:\Users\vedav\OneDrive\Documents\GitHub\Safe-Transaction\env\Lib\site-packages\apscheduler\executors\base.py", line 131, in run_job
    retval = job.func(*job.args, **job.kwargs)
             ^^^^^^^^^^^^^^^^^^^^^^^^^^^^^^^^^
  File "C:\Users\vedav\OneDrive\Documents\GitHub\Safe-Transaction\insta485\transaction_manager.py", line 558, in check_scheduled_deadlines
    expired_tickets = self.connection.execute("""
                      ^^^^^^^^^^^^^^^
AttributeError: 'TransactionManager' object has no attribute 'connection'
2025-10-06 18:27:48 - apscheduler.executors.default - ERROR - run_job:145 - Job "TransactionManager.check_scheduled_deadlines (trigger: interval[0:05:00], next run at: 2025-10-06 18:32:48 EDT)" raised an exception
Traceback (most recent call last):
  File "C:\Users\vedav\OneDrive\Documents\GitHub\Safe-Transaction\env\Lib\site-packages\apscheduler\executors\base.py", line 131, in run_job
    retval = job.func(*job.args, **job.kwargs)
             ^^^^^^^^^^^^^^^^^^^^^^^^^^^^^^^^^
  File "C:\Users\vedav\OneDrive\Documents\GitHub\Safe-Transaction\insta485\transaction_manager.py", line 558, in check_scheduled_deadlines
    expired_tickets = self.connection.execute("""
                      ^^^^^^^^^^^^^^^
AttributeError: 'TransactionManager' object has no attribute 'connection'
2025-10-06 18:31:24 - apscheduler.executors.default - ERROR - run_job:145 - Job "TransactionManager.check_scheduled_deadlines (trigger: interval[0:05:00], next run at: 2025-10-06 18:36:24 EDT)" raised an exception
Traceback (most recent call last):
  File "C:\Users\vedav\OneDrive\Documents\GitHub\Safe-Transaction\env\Lib\site-packages\apscheduler\executors\base.py", line 131, in run_job
    retval = job.func(*job.args, **job.kwargs)
             ^^^^^^^^^^^^^^^^^^^^^^^^^^^^^^^^^
  File "C:\Users\vedav\OneDrive\Documents\GitHub\Safe-Transaction\insta485\transaction_manager.py", line 558, in check_scheduled_deadlines
    expired_tickets = self.connection.execute("""
                      ^^^^^^^^^^^^^^^
AttributeError: 'TransactionManager' object has no attribute 'connection'
2025-10-06 18:32:48 - apscheduler.executors.default - ERROR - run_job:145 - Job "TransactionManager.check_scheduled_deadlines (trigger: interval[0:05:00], next run at: 2025-10-06 18:37:48 EDT)" raised an exception
Traceback (most recent call last):
  File "C:\Users\vedav\OneDrive\Documents\GitHub\Safe-Transaction\env\Lib\site-packages\apscheduler\executors\base.py", line 131, in run_job
    retval = job.func(*job.args, **job.kwargs)
             ^^^^^^^^^^^^^^^^^^^^^^^^^^^^^^^^^
  File "C:\Users\vedav\OneDrive\Documents\GitHub\Safe-Transaction\insta485\transaction_manager.py", line 558, in check_scheduled_deadlines
    expired_tickets = self.connection.execute("""
                      ^^^^^^^^^^^^^^^
AttributeError: 'TransactionManager' object has no attribute 'connection'
2025-10-06 18:36:24 - apscheduler.executors.default - ERROR - run_job:145 - Job "TransactionManager.check_scheduled_deadlines (trigger: interval[0:05:00], next run at: 2025-10-06 18:41:24 EDT)" raised an exception
Traceback (most recent call last):
  File "C:\Users\vedav\OneDrive\Documents\GitHub\Safe-Transaction\env\Lib\site-packages\apscheduler\executors\base.py", line 131, in run_job
    retval = job.func(*job.args, **job.kwargs)
             ^^^^^^^^^^^^^^^^^^^^^^^^^^^^^^^^^
  File "C:\Users\vedav\OneDrive\Documents\GitHub\Safe-Transaction\insta485\transaction_manager.py", line 558, in check_scheduled_deadlines
    expired_tickets = self.connection.execute("""
                      ^^^^^^^^^^^^^^^
AttributeError: 'TransactionManager' object has no attribute 'connection'
2025-10-06 18:37:48 - apscheduler.executors.default - ERROR - run_job:145 - Job "TransactionManager.check_scheduled_deadlines (trigger: interval[0:05:00], next run at: 2025-10-06 18:42:48 EDT)" raised an exception
Traceback (most recent call last):
  File "C:\Users\vedav\OneDrive\Documents\GitHub\Safe-Transaction\env\Lib\site-packages\apscheduler\executors\base.py", line 131, in run_job
    retval = job.func(*job.args, **job.kwargs)
             ^^^^^^^^^^^^^^^^^^^^^^^^^^^^^^^^^
  File "C:\Users\vedav\OneDrive\Documents\GitHub\Safe-Transaction\insta485\transaction_manager.py", line 558, in check_scheduled_deadlines
    expired_tickets = self.connection.execute("""
                      ^^^^^^^^^^^^^^^
AttributeError: 'TransactionManager' object has no attribute 'connection'
2025-10-06 18:41:24 - apscheduler.executors.default - ERROR - run_job:145 - Job "TransactionManager.check_scheduled_deadlines (trigger: interval[0:05:00], next run at: 2025-10-06 18:46:24 EDT)" raised an exception
Traceback (most recent call last):
  File "C:\Users\vedav\OneDrive\Documents\GitHub\Safe-Transaction\env\Lib\site-packages\apscheduler\executors\base.py", line 131, in run_job
    retval = job.func(*job.args, **job.kwargs)
             ^^^^^^^^^^^^^^^^^^^^^^^^^^^^^^^^^
  File "C:\Users\vedav\OneDrive\Documents\GitHub\Safe-Transaction\insta485\transaction_manager.py", line 558, in check_scheduled_deadlines
    expired_tickets = self.connection.execute("""
                      ^^^^^^^^^^^^^^^
AttributeError: 'TransactionManager' object has no attribute 'connection'
2025-10-06 18:42:48 - apscheduler.executors.default - ERROR - run_job:145 - Job "TransactionManager.check_scheduled_deadlines (trigger: interval[0:05:00], next run at: 2025-10-06 18:47:48 EDT)" raised an exception
Traceback (most recent call last):
  File "C:\Users\vedav\OneDrive\Documents\GitHub\Safe-Transaction\env\Lib\site-packages\apscheduler\executors\base.py", line 131, in run_job
    retval = job.func(*job.args, **job.kwargs)
             ^^^^^^^^^^^^^^^^^^^^^^^^^^^^^^^^^
  File "C:\Users\vedav\OneDrive\Documents\GitHub\Safe-Transaction\insta485\transaction_manager.py", line 558, in check_scheduled_deadlines
    expired_tickets = self.connection.execute("""
                      ^^^^^^^^^^^^^^^
AttributeError: 'TransactionManager' object has no attribute 'connection'
2025-10-06 18:46:24 - apscheduler.executors.default - ERROR - run_job:145 - Job "TransactionManager.check_scheduled_deadlines (trigger: interval[0:05:00], next run at: 2025-10-06 18:51:24 EDT)" raised an exception
Traceback (most recent call last):
  File "C:\Users\vedav\OneDrive\Documents\GitHub\Safe-Transaction\env\Lib\site-packages\apscheduler\executors\base.py", line 131, in run_job
    retval = job.func(*job.args, **job.kwargs)
             ^^^^^^^^^^^^^^^^^^^^^^^^^^^^^^^^^
  File "C:\Users\vedav\OneDrive\Documents\GitHub\Safe-Transaction\insta485\transaction_manager.py", line 558, in check_scheduled_deadlines
    expired_tickets = self.connection.execute("""
                      ^^^^^^^^^^^^^^^
AttributeError: 'TransactionManager' object has no attribute 'connection'
2025-10-06 18:47:48 - apscheduler.executors.default - ERROR - run_job:145 - Job "TransactionManager.check_scheduled_deadlines (trigger: interval[0:05:00], next run at: 2025-10-06 18:52:48 EDT)" raised an exception
Traceback (most recent call last):
  File "C:\Users\vedav\OneDrive\Documents\GitHub\Safe-Transaction\env\Lib\site-packages\apscheduler\executors\base.py", line 131, in run_job
    retval = job.func(*job.args, **job.kwargs)
             ^^^^^^^^^^^^^^^^^^^^^^^^^^^^^^^^^
  File "C:\Users\vedav\OneDrive\Documents\GitHub\Safe-Transaction\insta485\transaction_manager.py", line 558, in check_scheduled_deadlines
    expired_tickets = self.connection.execute("""
                      ^^^^^^^^^^^^^^^
AttributeError: 'TransactionManager' object has no attribute 'connection'
2025-10-06 18:51:24 - apscheduler.executors.default - ERROR - run_job:145 - Job "TransactionManager.check_scheduled_deadlines (trigger: interval[0:05:00], next run at: 2025-10-06 18:56:24 EDT)" raised an exception
Traceback (most recent call last):
  File "C:\Users\vedav\OneDrive\Documents\GitHub\Safe-Transaction\env\Lib\site-packages\apscheduler\executors\base.py", line 131, in run_job
    retval = job.func(*job.args, **job.kwargs)
             ^^^^^^^^^^^^^^^^^^^^^^^^^^^^^^^^^
  File "C:\Users\vedav\OneDrive\Documents\GitHub\Safe-Transaction\insta485\transaction_manager.py", line 558, in check_scheduled_deadlines
    expired_tickets = self.connection.execute("""
                      ^^^^^^^^^^^^^^^
AttributeError: 'TransactionManager' object has no attribute 'connection'
2025-10-06 19:06:24 - apscheduler.executors.default - ERROR - run_job:145 - Job "TransactionManager.check_scheduled_deadlines (trigger: interval[0:05:00], next run at: 2025-10-06 19:11:24 EDT)" raised an exception
Traceback (most recent call last):
  File "C:\Users\vedav\OneDrive\Documents\GitHub\Safe-Transaction\env\Lib\site-packages\apscheduler\executors\base.py", line 131, in run_job
    retval = job.func(*job.args, **job.kwargs)
             ^^^^^^^^^^^^^^^^^^^^^^^^^^^^^^^^^
  File "C:\Users\vedav\OneDrive\Documents\GitHub\Safe-Transaction\insta485\transaction_manager.py", line 558, in check_scheduled_deadlines
    expired_tickets = self.connection.execute("""
                      ^^^^^^^^^^^^^^^
AttributeError: 'TransactionManager' object has no attribute 'connection'
