2025-09-15 00:24:31 - apscheduler.executors.default - ERROR - run_job:145 - Job "TransactionManager.check_scheduled_deadlines (trigger: interval[0:05:00], next run at: 2025-09-15 00:29:31 EDT)" raised an exception
Traceback (most recent call last):
  File "/Users/sanjivp27/anaconda3/lib/python3.11/site-packages/apscheduler/executors/base.py", line 131, in run_job
    retval = job.func(*job.args, **job.kwargs)
             ^^^^^^^^^^^^^^^^^^^^^^^^^^^^^^^^^
  File "/Users/sanjivp27/Documents/2023_2024/EECS/projects/Safe-Transaction/insta485/transaction_manager.py", line 582, in check_scheduled_deadlines
    expired_tickets = self.connection.execute("""
                      ^^^^^^^^^^^^^^^
AttributeError: 'TransactionManager' object has no attribute 'connection'
2025-09-15 00:24:32 - apscheduler.executors.default - ERROR - run_job:145 - Job "TransactionManager.check_scheduled_deadlines (trigger: interval[0:05:00], next run at: 2025-09-15 00:29:32 EDT)" raised an exception
Traceback (most recent call last):
  File "/Users/sanjivp27/anaconda3/lib/python3.11/site-packages/apscheduler/executors/base.py", line 131, in run_job
    retval = job.func(*job.args, **job.kwargs)
             ^^^^^^^^^^^^^^^^^^^^^^^^^^^^^^^^^
  File "/Users/sanjivp27/Documents/2023_2024/EECS/projects/Safe-Transaction/insta485/transaction_manager.py", line 582, in check_scheduled_deadlines
    expired_tickets = self.connection.execute("""
                      ^^^^^^^^^^^^^^^
AttributeError: 'TransactionManager' object has no attribute 'connection'
2025-09-15 00:29:31 - apscheduler.executors.default - ERROR - run_job:145 - Job "TransactionManager.check_scheduled_deadlines (trigger: interval[0:05:00], next run at: 2025-09-15 00:34:31 EDT)" raised an exception
Traceback (most recent call last):
  File "/Users/sanjivp27/anaconda3/lib/python3.11/site-packages/apscheduler/executors/base.py", line 131, in run_job
    retval = job.func(*job.args, **job.kwargs)
             ^^^^^^^^^^^^^^^^^^^^^^^^^^^^^^^^^
  File "/Users/sanjivp27/Documents/2023_2024/EECS/projects/Safe-Transaction/insta485/transaction_manager.py", line 582, in check_scheduled_deadlines
    expired_tickets = self.connection.execute("""
                      ^^^^^^^^^^^^^^^
AttributeError: 'TransactionManager' object has no attribute 'connection'
2025-09-15 00:29:32 - apscheduler.executors.default - ERROR - run_job:145 - Job "TransactionManager.check_scheduled_deadlines (trigger: interval[0:05:00], next run at: 2025-09-15 00:34:32 EDT)" raised an exception
Traceback (most recent call last):
  File "/Users/sanjivp27/anaconda3/lib/python3.11/site-packages/apscheduler/executors/base.py", line 131, in run_job
    retval = job.func(*job.args, **job.kwargs)
             ^^^^^^^^^^^^^^^^^^^^^^^^^^^^^^^^^
  File "/Users/sanjivp27/Documents/2023_2024/EECS/projects/Safe-Transaction/insta485/transaction_manager.py", line 582, in check_scheduled_deadlines
    expired_tickets = self.connection.execute("""
                      ^^^^^^^^^^^^^^^
AttributeError: 'TransactionManager' object has no attribute 'connection'
2025-09-15 00:34:31 - apscheduler.executors.default - ERROR - run_job:145 - Job "TransactionManager.check_scheduled_deadlines (trigger: interval[0:05:00], next run at: 2025-09-15 00:39:31 EDT)" raised an exception
Traceback (most recent call last):
  File "/Users/sanjivp27/anaconda3/lib/python3.11/site-packages/apscheduler/executors/base.py", line 131, in run_job
    retval = job.func(*job.args, **job.kwargs)
             ^^^^^^^^^^^^^^^^^^^^^^^^^^^^^^^^^
  File "/Users/sanjivp27/Documents/2023_2024/EECS/projects/Safe-Transaction/insta485/transaction_manager.py", line 582, in check_scheduled_deadlines
    expired_tickets = self.connection.execute("""
                      ^^^^^^^^^^^^^^^
AttributeError: 'TransactionManager' object has no attribute 'connection'
2025-09-15 00:34:32 - apscheduler.executors.default - ERROR - run_job:145 - Job "TransactionManager.check_scheduled_deadlines (trigger: interval[0:05:00], next run at: 2025-09-15 00:39:32 EDT)" raised an exception
Traceback (most recent call last):
  File "/Users/sanjivp27/anaconda3/lib/python3.11/site-packages/apscheduler/executors/base.py", line 131, in run_job
    retval = job.func(*job.args, **job.kwargs)
             ^^^^^^^^^^^^^^^^^^^^^^^^^^^^^^^^^
  File "/Users/sanjivp27/Documents/2023_2024/EECS/projects/Safe-Transaction/insta485/transaction_manager.py", line 582, in check_scheduled_deadlines
    expired_tickets = self.connection.execute("""
                      ^^^^^^^^^^^^^^^
AttributeError: 'TransactionManager' object has no attribute 'connection'
