2025-09-16 22:47:09 - apscheduler.executors.default - ERROR - run_job:145 - Job "TransactionManager.check_scheduled_deadlines (trigger: interval[0:05:00], next run at: 2025-09-16 22:52:09 EDT)" raised an exception
Traceback (most recent call last):
  File "/Users/sanjivp27/anaconda3/lib/python3.11/site-packages/apscheduler/executors/base.py", line 131, in run_job
    retval = job.func(*job.args, **job.kwargs)
             ^^^^^^^^^^^^^^^^^^^^^^^^^^^^^^^^^
  File "/Users/sanjivp27/Documents/2023_2024/EECS/projects/Safe-Transaction/insta485/transaction_manager.py", line 582, in check_scheduled_deadlines
    expired_tickets = self.connection.execute("""
                      ^^^^^^^^^^^^^^^
AttributeError: 'TransactionManager' object has no attribute 'connection'
2025-09-16 22:47:10 - apscheduler.executors.default - ERROR - run_job:145 - Job "TransactionManager.check_scheduled_deadlines (trigger: interval[0:05:00], next run at: 2025-09-16 22:52:10 EDT)" raised an exception
Traceback (most recent call last):
  File "/Users/sanjivp27/anaconda3/lib/python3.11/site-packages/apscheduler/executors/base.py", line 131, in run_job
    retval = job.func(*job.args, **job.kwargs)
             ^^^^^^^^^^^^^^^^^^^^^^^^^^^^^^^^^
  File "/Users/sanjivp27/Documents/2023_2024/EECS/projects/Safe-Transaction/insta485/transaction_manager.py", line 582, in check_scheduled_deadlines
    expired_tickets = self.connection.execute("""
                      ^^^^^^^^^^^^^^^
AttributeError: 'TransactionManager' object has no attribute 'connection'
2025-09-16 23:12:09 - apscheduler.executors.default - ERROR - run_job:145 - Job "TransactionManager.check_scheduled_deadlines (trigger: interval[0:05:00], next run at: 2025-09-16 23:17:09 EDT)" raised an exception
Traceback (most recent call last):
  File "/Users/sanjivp27/anaconda3/lib/python3.11/site-packages/apscheduler/executors/base.py", line 131, in run_job
    retval = job.func(*job.args, **job.kwargs)
             ^^^^^^^^^^^^^^^^^^^^^^^^^^^^^^^^^
  File "/Users/sanjivp27/Documents/2023_2024/EECS/projects/Safe-Transaction/insta485/transaction_manager.py", line 582, in check_scheduled_deadlines
    expired_tickets = self.connection.execute("""
                      ^^^^^^^^^^^^^^^
AttributeError: 'TransactionManager' object has no attribute 'connection'
2025-09-16 23:12:10 - apscheduler.executors.default - ERROR - run_job:145 - Job "TransactionManager.check_scheduled_deadlines (trigger: interval[0:05:00], next run at: 2025-09-16 23:17:10 EDT)" raised an exception
Traceback (most recent call last):
  File "/Users/sanjivp27/anaconda3/lib/python3.11/site-packages/apscheduler/executors/base.py", line 131, in run_job
    retval = job.func(*job.args, **job.kwargs)
             ^^^^^^^^^^^^^^^^^^^^^^^^^^^^^^^^^
  File "/Users/sanjivp27/Documents/2023_2024/EECS/projects/Safe-Transaction/insta485/transaction_manager.py", line 582, in check_scheduled_deadlines
    expired_tickets = self.connection.execute("""
                      ^^^^^^^^^^^^^^^
AttributeError: 'TransactionManager' object has no attribute 'connection'
2025-09-16 23:17:09 - apscheduler.executors.default - ERROR - run_job:145 - Job "TransactionManager.check_scheduled_deadlines (trigger: interval[0:05:00], next run at: 2025-09-16 23:22:09 EDT)" raised an exception
Traceback (most recent call last):
  File "/Users/sanjivp27/anaconda3/lib/python3.11/site-packages/apscheduler/executors/base.py", line 131, in run_job
    retval = job.func(*job.args, **job.kwargs)
             ^^^^^^^^^^^^^^^^^^^^^^^^^^^^^^^^^
  File "/Users/sanjivp27/Documents/2023_2024/EECS/projects/Safe-Transaction/insta485/transaction_manager.py", line 582, in check_scheduled_deadlines
    expired_tickets = self.connection.execute("""
                      ^^^^^^^^^^^^^^^
AttributeError: 'TransactionManager' object has no attribute 'connection'
2025-09-16 23:22:09 - apscheduler.executors.default - ERROR - run_job:145 - Job "TransactionManager.check_scheduled_deadlines (trigger: interval[0:05:00], next run at: 2025-09-16 23:27:09 EDT)" raised an exception
Traceback (most recent call last):
  File "/Users/sanjivp27/anaconda3/lib/python3.11/site-packages/apscheduler/executors/base.py", line 131, in run_job
    retval = job.func(*job.args, **job.kwargs)
             ^^^^^^^^^^^^^^^^^^^^^^^^^^^^^^^^^
  File "/Users/sanjivp27/Documents/2023_2024/EECS/projects/Safe-Transaction/insta485/transaction_manager.py", line 582, in check_scheduled_deadlines
    expired_tickets = self.connection.execute("""
                      ^^^^^^^^^^^^^^^
AttributeError: 'TransactionManager' object has no attribute 'connection'
2025-09-16 23:27:09 - apscheduler.executors.default - ERROR - run_job:145 - Job "TransactionManager.check_scheduled_deadlines (trigger: interval[0:05:00], next run at: 2025-09-16 23:32:09 EDT)" raised an exception
Traceback (most recent call last):
  File "/Users/sanjivp27/anaconda3/lib/python3.11/site-packages/apscheduler/executors/base.py", line 131, in run_job
    retval = job.func(*job.args, **job.kwargs)
             ^^^^^^^^^^^^^^^^^^^^^^^^^^^^^^^^^
  File "/Users/sanjivp27/Documents/2023_2024/EECS/projects/Safe-Transaction/insta485/transaction_manager.py", line 582, in check_scheduled_deadlines
    expired_tickets = self.connection.execute("""
                      ^^^^^^^^^^^^^^^
AttributeError: 'TransactionManager' object has no attribute 'connection'
2025-09-16 23:32:09 - apscheduler.executors.default - ERROR - run_job:145 - Job "TransactionManager.check_scheduled_deadlines (trigger: interval[0:05:00], next run at: 2025-09-16 23:37:09 EDT)" raised an exception
Traceback (most recent call last):
  File "/Users/sanjivp27/anaconda3/lib/python3.11/site-packages/apscheduler/executors/base.py", line 131, in run_job
    retval = job.func(*job.args, **job.kwargs)
             ^^^^^^^^^^^^^^^^^^^^^^^^^^^^^^^^^
  File "/Users/sanjivp27/Documents/2023_2024/EECS/projects/Safe-Transaction/insta485/transaction_manager.py", line 582, in check_scheduled_deadlines
    expired_tickets = self.connection.execute("""
                      ^^^^^^^^^^^^^^^
AttributeError: 'TransactionManager' object has no attribute 'connection'
2025-09-16 23:37:09 - apscheduler.executors.default - ERROR - run_job:145 - Job "TransactionManager.check_scheduled_deadlines (trigger: interval[0:05:00], next run at: 2025-09-16 23:42:09 EDT)" raised an exception
Traceback (most recent call last):
  File "/Users/sanjivp27/anaconda3/lib/python3.11/site-packages/apscheduler/executors/base.py", line 131, in run_job
    retval = job.func(*job.args, **job.kwargs)
             ^^^^^^^^^^^^^^^^^^^^^^^^^^^^^^^^^
  File "/Users/sanjivp27/Documents/2023_2024/EECS/projects/Safe-Transaction/insta485/transaction_manager.py", line 582, in check_scheduled_deadlines
    expired_tickets = self.connection.execute("""
                      ^^^^^^^^^^^^^^^
AttributeError: 'TransactionManager' object has no attribute 'connection'
2025-09-16 23:42:09 - apscheduler.executors.default - ERROR - run_job:145 - Job "TransactionManager.check_scheduled_deadlines (trigger: interval[0:05:00], next run at: 2025-09-16 23:47:09 EDT)" raised an exception
Traceback (most recent call last):
  File "/Users/sanjivp27/anaconda3/lib/python3.11/site-packages/apscheduler/executors/base.py", line 131, in run_job
    retval = job.func(*job.args, **job.kwargs)
             ^^^^^^^^^^^^^^^^^^^^^^^^^^^^^^^^^
  File "/Users/sanjivp27/Documents/2023_2024/EECS/projects/Safe-Transaction/insta485/transaction_manager.py", line 582, in check_scheduled_deadlines
    expired_tickets = self.connection.execute("""
                      ^^^^^^^^^^^^^^^
AttributeError: 'TransactionManager' object has no attribute 'connection'
2025-09-16 23:47:09 - apscheduler.executors.default - ERROR - run_job:145 - Job "TransactionManager.check_scheduled_deadlines (trigger: interval[0:05:00], next run at: 2025-09-16 23:52:09 EDT)" raised an exception
Traceback (most recent call last):
  File "/Users/sanjivp27/anaconda3/lib/python3.11/site-packages/apscheduler/executors/base.py", line 131, in run_job
    retval = job.func(*job.args, **job.kwargs)
             ^^^^^^^^^^^^^^^^^^^^^^^^^^^^^^^^^
  File "/Users/sanjivp27/Documents/2023_2024/EECS/projects/Safe-Transaction/insta485/transaction_manager.py", line 582, in check_scheduled_deadlines
    expired_tickets = self.connection.execute("""
                      ^^^^^^^^^^^^^^^
AttributeError: 'TransactionManager' object has no attribute 'connection'
2025-09-16 23:52:09 - apscheduler.executors.default - ERROR - run_job:145 - Job "TransactionManager.check_scheduled_deadlines (trigger: interval[0:05:00], next run at: 2025-09-16 23:57:09 EDT)" raised an exception
Traceback (most recent call last):
  File "/Users/sanjivp27/anaconda3/lib/python3.11/site-packages/apscheduler/executors/base.py", line 131, in run_job
    retval = job.func(*job.args, **job.kwargs)
             ^^^^^^^^^^^^^^^^^^^^^^^^^^^^^^^^^
  File "/Users/sanjivp27/Documents/2023_2024/EECS/projects/Safe-Transaction/insta485/transaction_manager.py", line 582, in check_scheduled_deadlines
    self._expire_transaction(row['transaction_id'], 'payment_deadline_passed')
                  ^^^^^^^^^^^^^^^
AttributeError: 'TransactionManager' object has no attribute 'connection'
2025-09-16 23:57:09 - apscheduler.executors.default - ERROR - run_job:145 - Job "TransactionManager.check_scheduled_deadlines (trigger: interval[0:05:00], next run at: 2025-09-17 00:02:09 EDT)" raised an exception
Traceback (most recent call last):
  File "/Users/sanjivp27/anaconda3/lib/python3.11/site-packages/apscheduler/executors/base.py", line 131, in run_job
    retval = job.func(*job.args, **job.kwargs)
             ^^^^^^^^^^^^^^^^^^^^^^^^^^^^^^^^^
  File "/Users/sanjivp27/Documents/2023_2024/EECS/projects/Safe-Transaction/insta485/transaction_manager.py", line 582, in check_scheduled_deadlines
    expired_tickets = self.connection.execute("""
                      ^^^^^^^^^^^^^^^
AttributeError: 'TransactionManager' object has no attribute 'connection'
2025-09-17 00:02:09 - apscheduler.executors.default - ERROR - run_job:145 - Job "TransactionManager.check_scheduled_deadlines (trigger: interval[0:05:00], next run at: 2025-09-17 00:07:09 EDT)" raised an exception
Traceback (most recent call last):
  File "/Users/sanjivp27/anaconda3/lib/python3.11/site-packages/apscheduler/executors/base.py", line 131, in run_job
    retval = job.func(*job.args, **job.kwargs)
             ^^^^^^^^^^^^^^^^^^^^^^^^^^^^^^^^^
  File "/Users/sanjivp27/Documents/2023_2024/EECS/projects/Safe-Transaction/insta485/transaction_manager.py", line 582, in check_scheduled_deadlines
    """, (now,)).fetchall()
                      ^^^^^^
AttributeError: 'TransactionManager' object has no attribute 'connection'
2025-09-17 00:07:09 - apscheduler.executors.default - ERROR - run_job:145 - Job "TransactionManager.check_scheduled_deadlines (trigger: interval[0:05:00], next run at: 2025-09-17 00:12:09 EDT)" raised an exception
Traceback (most recent call last):
  File "/Users/sanjivp27/anaconda3/lib/python3.11/site-packages/apscheduler/executors/base.py", line 131, in run_job
    retval = job.func(*job.args, **job.kwargs)
             ^^^^^^^^^^^^^^^^^^^^^^^^^^^^^^^^^
  File "/Users/sanjivp27/Documents/2023_2024/EECS/projects/Safe-Transaction/insta485/transaction_manager.py", line 582, in check_scheduled_deadlines
    """, (now,)).fetchall()
                      ^^^^^^
AttributeError: 'TransactionManager' object has no attribute 'connection'
