2025-09-14 18:45:51 - apscheduler.executors.default - ERROR - run_job:145 - Job "TransactionManager.check_scheduled_deadlines (trigger: interval[0:05:00], next run at: 2025-09-14 18:50:51 EDT)" raised an exception
Traceback (most recent call last):
  File "/Users/sanjivp27/anaconda3/lib/python3.11/site-packages/apscheduler/executors/base.py", line 131, in run_job
    retval = job.func(*job.args, **job.kwargs)
             ^^^^^^^^^^^^^^^^^^^^^^^^^^^^^^^^^
  File "/Users/sanjivp27/Documents/2023_2024/EECS/projects/Safe-Transaction/insta485/transaction_manager.py", line 582, in check_scheduled_deadlines
    expired_tickets = self.connection.execute("""
                      ^^^^^^^^^^^^^^^
AttributeError: 'TransactionManager' object has no attribute 'connection'
2025-09-14 18:45:53 - apscheduler.executors.default - ERROR - run_job:145 - Job "TransactionManager.check_scheduled_deadlines (trigger: interval[0:05:00], next run at: 2025-09-14 18:50:53 EDT)" raised an exception
Traceback (most recent call last):
  File "/Users/sanjivp27/anaconda3/lib/python3.11/site-packages/apscheduler/executors/base.py", line 131, in run_job
    retval = job.func(*job.args, **job.kwargs)
             ^^^^^^^^^^^^^^^^^^^^^^^^^^^^^^^^^
  File "/Users/sanjivp27/Documents/2023_2024/EECS/projects/Safe-Transaction/insta485/transaction_manager.py", line 582, in check_scheduled_deadlines
    expired_tickets = self.connection.execute("""
                      ^^^^^^^^^^^^^^^
AttributeError: 'TransactionManager' object has no attribute 'connection'
2025-09-14 19:38:50 - apscheduler.executors.default - ERROR - run_job:145 - Job "TransactionManager.check_scheduled_deadlines (trigger: interval[0:05:00], next run at: 2025-09-14 19:43:50 EDT)" raised an exception
Traceback (most recent call last):
  File "/Users/sanjivp27/anaconda3/lib/python3.11/site-packages/apscheduler/executors/base.py", line 131, in run_job
    retval = job.func(*job.args, **job.kwargs)
             ^^^^^^^^^^^^^^^^^^^^^^^^^^^^^^^^^
  File "/Users/sanjivp27/Documents/2023_2024/EECS/projects/Safe-Transaction/insta485/transaction_manager.py", line 582, in check_scheduled_deadlines
    expired_tickets = self.connection.execute("""
                      ^^^^^^^^^^^^^^^
AttributeError: 'TransactionManager' object has no attribute 'connection'
2025-09-14 19:38:51 - apscheduler.executors.default - ERROR - run_job:145 - Job "TransactionManager.check_scheduled_deadlines (trigger: interval[0:05:00], next run at: 2025-09-14 19:43:51 EDT)" raised an exception
Traceback (most recent call last):
  File "/Users/sanjivp27/anaconda3/lib/python3.11/site-packages/apscheduler/executors/base.py", line 131, in run_job
    retval = job.func(*job.args, **job.kwargs)
             ^^^^^^^^^^^^^^^^^^^^^^^^^^^^^^^^^
  File "/Users/sanjivp27/Documents/2023_2024/EECS/projects/Safe-Transaction/insta485/transaction_manager.py", line 582, in check_scheduled_deadlines
    expired_tickets = self.connection.execute("""
                      ^^^^^^^^^^^^^^^
AttributeError: 'TransactionManager' object has no attribute 'connection'
2025-09-14 19:49:42 - apscheduler.executors.default - ERROR - run_job:145 - Job "TransactionManager.check_scheduled_deadlines (trigger: interval[0:05:00], next run at: 2025-09-14 19:54:42 EDT)" raised an exception
Traceback (most recent call last):
  File "/Users/sanjivp27/anaconda3/lib/python3.11/site-packages/apscheduler/executors/base.py", line 131, in run_job
    retval = job.func(*job.args, **job.kwargs)
             ^^^^^^^^^^^^^^^^^^^^^^^^^^^^^^^^^
  File "/Users/sanjivp27/Documents/2023_2024/EECS/projects/Safe-Transaction/insta485/transaction_manager.py", line 582, in check_scheduled_deadlines
    expired_tickets = self.connection.execute("""
                      ^^^^^^^^^^^^^^^
AttributeError: 'TransactionManager' object has no attribute 'connection'
2025-09-14 19:52:24 - apscheduler.executors.default - ERROR - run_job:145 - Job "TransactionManager.check_scheduled_deadlines (trigger: interval[0:05:00], next run at: 2025-09-14 19:57:24 EDT)" raised an exception
Traceback (most recent call last):
  File "/Users/sanjivp27/anaconda3/lib/python3.11/site-packages/apscheduler/executors/base.py", line 131, in run_job
    retval = job.func(*job.args, **job.kwargs)
             ^^^^^^^^^^^^^^^^^^^^^^^^^^^^^^^^^
  File "/Users/sanjivp27/Documents/2023_2024/EECS/projects/Safe-Transaction/insta485/transaction_manager.py", line 582, in check_scheduled_deadlines
    expired_tickets = self.connection.execute("""
                      ^^^^^^^^^^^^^^^
AttributeError: 'TransactionManager' object has no attribute 'connection'
2025-09-14 19:54:42 - apscheduler.executors.default - ERROR - run_job:145 - Job "TransactionManager.check_scheduled_deadlines (trigger: interval[0:05:00], next run at: 2025-09-14 19:59:42 EDT)" raised an exception
Traceback (most recent call last):
  File "/Users/sanjivp27/anaconda3/lib/python3.11/site-packages/apscheduler/executors/base.py", line 131, in run_job
    retval = job.func(*job.args, **job.kwargs)
             ^^^^^^^^^^^^^^^^^^^^^^^^^^^^^^^^^
  File "/Users/sanjivp27/Documents/2023_2024/EECS/projects/Safe-Transaction/insta485/transaction_manager.py", line 582, in check_scheduled_deadlines
    expired_tickets = self.connection.execute("""
                      ^^^^^^^^^^^^^^^
AttributeError: 'TransactionManager' object has no attribute 'connection'
2025-09-14 20:09:42 - apscheduler.executors.default - ERROR - run_job:145 - Job "TransactionManager.check_scheduled_deadlines (trigger: interval[0:05:00], next run at: 2025-09-14 20:14:42 EDT)" raised an exception
Traceback (most recent call last):
  File "/Users/sanjivp27/anaconda3/lib/python3.11/site-packages/apscheduler/executors/base.py", line 131, in run_job
    retval = job.func(*job.args, **job.kwargs)
             ^^^^^^^^^^^^^^^^^^^^^^^^^^^^^^^^^
  File "/Users/sanjivp27/Documents/2023_2024/EECS/projects/Safe-Transaction/insta485/transaction_manager.py", line 582, in check_scheduled_deadlines
    expired_tickets = self.connection.execute("""
                      ^^^^^^^^^^^^^^^
AttributeError: 'TransactionManager' object has no attribute 'connection'
2025-09-14 20:11:10 - apscheduler.executors.default - ERROR - run_job:145 - Job "TransactionManager.check_scheduled_deadlines (trigger: interval[0:05:00], next run at: 2025-09-14 20:16:10 EDT)" raised an exception
Traceback (most recent call last):
  File "/Users/sanjivp27/anaconda3/lib/python3.11/site-packages/apscheduler/executors/base.py", line 131, in run_job
    retval = job.func(*job.args, **job.kwargs)
             ^^^^^^^^^^^^^^^^^^^^^^^^^^^^^^^^^
  File "/Users/sanjivp27/Documents/2023_2024/EECS/projects/Safe-Transaction/insta485/transaction_manager.py", line 582, in check_scheduled_deadlines
    expired_tickets = self.connection.execute("""
                      ^^^^^^^^^^^^^^^
AttributeError: 'TransactionManager' object has no attribute 'connection'
2025-09-14 20:14:42 - apscheduler.executors.default - ERROR - run_job:145 - Job "TransactionManager.check_scheduled_deadlines (trigger: interval[0:05:00], next run at: 2025-09-14 20:19:42 EDT)" raised an exception
Traceback (most recent call last):
  File "/Users/sanjivp27/anaconda3/lib/python3.11/site-packages/apscheduler/executors/base.py", line 131, in run_job
    retval = job.func(*job.args, **job.kwargs)
             ^^^^^^^^^^^^^^^^^^^^^^^^^^^^^^^^^
  File "/Users/sanjivp27/Documents/2023_2024/EECS/projects/Safe-Transaction/insta485/transaction_manager.py", line 582, in check_scheduled_deadlines
    expired_tickets = self.connection.execute("""
                      ^^^^^^^^^^^^^^^
AttributeError: 'TransactionManager' object has no attribute 'connection'
2025-09-14 20:19:42 - apscheduler.executors.default - ERROR - run_job:145 - Job "TransactionManager.check_scheduled_deadlines (trigger: interval[0:05:00], next run at: 2025-09-14 20:24:42 EDT)" raised an exception
Traceback (most recent call last):
  File "/Users/sanjivp27/anaconda3/lib/python3.11/site-packages/apscheduler/executors/base.py", line 131, in run_job
    retval = job.func(*job.args, **job.kwargs)
             ^^^^^^^^^^^^^^^^^^^^^^^^^^^^^^^^^
  File "/Users/sanjivp27/Documents/2023_2024/EECS/projects/Safe-Transaction/insta485/transaction_manager.py", line 582, in check_scheduled_deadlines
    expired_tickets = self.connection.execute("""
                      ^^^^^^^^^^^^^^^
AttributeError: 'TransactionManager' object has no attribute 'connection'
2025-09-14 21:47:31 - apscheduler.executors.default - ERROR - run_job:145 - Job "TransactionManager.check_scheduled_deadlines (trigger: interval[0:05:00], next run at: 2025-09-14 21:52:31 EDT)" raised an exception
Traceback (most recent call last):
  File "/Users/sanjivp27/anaconda3/lib/python3.11/site-packages/apscheduler/executors/base.py", line 131, in run_job
    retval = job.func(*job.args, **job.kwargs)
             ^^^^^^^^^^^^^^^^^^^^^^^^^^^^^^^^^
  File "/Users/sanjivp27/Documents/2023_2024/EECS/projects/Safe-Transaction/insta485/transaction_manager.py", line 582, in check_scheduled_deadlines
    expired_tickets = self.connection.execute("""
                      ^^^^^^^^^^^^^^^
AttributeError: 'TransactionManager' object has no attribute 'connection'
2025-09-14 21:47:31 - apscheduler.executors.default - ERROR - run_job:145 - Job "TransactionManager.check_scheduled_deadlines (trigger: interval[0:05:00], next run at: 2025-09-14 21:52:31 EDT)" raised an exception
Traceback (most recent call last):
  File "/Users/sanjivp27/anaconda3/lib/python3.11/site-packages/apscheduler/executors/base.py", line 131, in run_job
    retval = job.func(*job.args, **job.kwargs)
             ^^^^^^^^^^^^^^^^^^^^^^^^^^^^^^^^^
  File "/Users/sanjivp27/Documents/2023_2024/EECS/projects/Safe-Transaction/insta485/transaction_manager.py", line 582, in check_scheduled_deadlines
    expired_tickets = self.connection.execute("""
                      ^^^^^^^^^^^^^^^
AttributeError: 'TransactionManager' object has no attribute 'connection'
2025-09-14 21:52:31 - apscheduler.executors.default - ERROR - run_job:145 - Job "TransactionManager.check_scheduled_deadlines (trigger: interval[0:05:00], next run at: 2025-09-14 21:57:31 EDT)" raised an exception
Traceback (most recent call last):
  File "/Users/sanjivp27/anaconda3/lib/python3.11/site-packages/apscheduler/executors/base.py", line 131, in run_job
    retval = job.func(*job.args, **job.kwargs)
             ^^^^^^^^^^^^^^^^^^^^^^^^^^^^^^^^^
  File "/Users/sanjivp27/Documents/2023_2024/EECS/projects/Safe-Transaction/insta485/transaction_manager.py", line 582, in check_scheduled_deadlines
    expired_tickets = self.connection.execute("""
                      ^^^^^^^^^^^^^^^
AttributeError: 'TransactionManager' object has no attribute 'connection'
2025-09-14 21:52:31 - apscheduler.executors.default - ERROR - run_job:145 - Job "TransactionManager.check_scheduled_deadlines (trigger: interval[0:05:00], next run at: 2025-09-14 21:57:31 EDT)" raised an exception
Traceback (most recent call last):
  File "/Users/sanjivp27/anaconda3/lib/python3.11/site-packages/apscheduler/executors/base.py", line 131, in run_job
    retval = job.func(*job.args, **job.kwargs)
             ^^^^^^^^^^^^^^^^^^^^^^^^^^^^^^^^^
  File "/Users/sanjivp27/Documents/2023_2024/EECS/projects/Safe-Transaction/insta485/transaction_manager.py", line 582, in check_scheduled_deadlines
    expired_tickets = self.connection.execute("""
                      ^^^^^^^^^^^^^^^
AttributeError: 'TransactionManager' object has no attribute 'connection'
2025-09-14 22:13:25 - apscheduler.executors.default - ERROR - run_job:145 - Job "TransactionManager.check_scheduled_deadlines (trigger: interval[0:05:00], next run at: 2025-09-14 22:18:25 EDT)" raised an exception
Traceback (most recent call last):
  File "/Users/sanjivp27/anaconda3/lib/python3.11/site-packages/apscheduler/executors/base.py", line 131, in run_job
    retval = job.func(*job.args, **job.kwargs)
             ^^^^^^^^^^^^^^^^^^^^^^^^^^^^^^^^^
  File "/Users/sanjivp27/Documents/2023_2024/EECS/projects/Safe-Transaction/insta485/transaction_manager.py", line 582, in check_scheduled_deadlines
    expired_tickets = self.connection.execute("""
                      ^^^^^^^^^^^^^^^
AttributeError: 'TransactionManager' object has no attribute 'connection'
2025-09-14 22:13:26 - apscheduler.executors.default - ERROR - run_job:145 - Job "TransactionManager.check_scheduled_deadlines (trigger: interval[0:05:00], next run at: 2025-09-14 22:18:26 EDT)" raised an exception
Traceback (most recent call last):
  File "/Users/sanjivp27/anaconda3/lib/python3.11/site-packages/apscheduler/executors/base.py", line 131, in run_job
    retval = job.func(*job.args, **job.kwargs)
             ^^^^^^^^^^^^^^^^^^^^^^^^^^^^^^^^^
  File "/Users/sanjivp27/Documents/2023_2024/EECS/projects/Safe-Transaction/insta485/transaction_manager.py", line 582, in check_scheduled_deadlines
    expired_tickets = self.connection.execute("""
                      ^^^^^^^^^^^^^^^
AttributeError: 'TransactionManager' object has no attribute 'connection'
2025-09-14 22:18:25 - apscheduler.executors.default - ERROR - run_job:145 - Job "TransactionManager.check_scheduled_deadlines (trigger: interval[0:05:00], next run at: 2025-09-14 22:23:25 EDT)" raised an exception
Traceback (most recent call last):
  File "/Users/sanjivp27/anaconda3/lib/python3.11/site-packages/apscheduler/executors/base.py", line 131, in run_job
    retval = job.func(*job.args, **job.kwargs)
             ^^^^^^^^^^^^^^^^^^^^^^^^^^^^^^^^^
  File "/Users/sanjivp27/Documents/2023_2024/EECS/projects/Safe-Transaction/insta485/transaction_manager.py", line 582, in check_scheduled_deadlines
    expired_tickets = self.connection.execute("""
                      ^^^^^^^^^^^^^^^
AttributeError: 'TransactionManager' object has no attribute 'connection'
2025-09-14 22:18:26 - apscheduler.executors.default - ERROR - run_job:145 - Job "TransactionManager.check_scheduled_deadlines (trigger: interval[0:05:00], next run at: 2025-09-14 22:23:26 EDT)" raised an exception
Traceback (most recent call last):
  File "/Users/sanjivp27/anaconda3/lib/python3.11/site-packages/apscheduler/executors/base.py", line 131, in run_job
    retval = job.func(*job.args, **job.kwargs)
             ^^^^^^^^^^^^^^^^^^^^^^^^^^^^^^^^^
  File "/Users/sanjivp27/Documents/2023_2024/EECS/projects/Safe-Transaction/insta485/transaction_manager.py", line 582, in check_scheduled_deadlines
    expired_tickets = self.connection.execute("""
                      ^^^^^^^^^^^^^^^
AttributeError: 'TransactionManager' object has no attribute 'connection'
2025-09-14 22:24:37 - apscheduler.executors.default - ERROR - run_job:145 - Job "TransactionManager.check_scheduled_deadlines (trigger: interval[0:05:00], next run at: 2025-09-14 22:29:37 EDT)" raised an exception
Traceback (most recent call last):
  File "/Users/sanjivp27/anaconda3/lib/python3.11/site-packages/apscheduler/executors/base.py", line 131, in run_job
    retval = job.func(*job.args, **job.kwargs)
             ^^^^^^^^^^^^^^^^^^^^^^^^^^^^^^^^^
  File "/Users/sanjivp27/Documents/2023_2024/EECS/projects/Safe-Transaction/insta485/transaction_manager.py", line 582, in check_scheduled_deadlines
    expired_tickets = self.connection.execute("""
                      ^^^^^^^^^^^^^^^
AttributeError: 'TransactionManager' object has no attribute 'connection'
2025-09-14 23:26:22 - apscheduler.executors.default - ERROR - run_job:145 - Job "TransactionManager.check_scheduled_deadlines (trigger: interval[0:05:00], next run at: 2025-09-14 23:31:22 EDT)" raised an exception
Traceback (most recent call last):
  File "/Users/sanjivp27/anaconda3/lib/python3.11/site-packages/apscheduler/executors/base.py", line 131, in run_job
    retval = job.func(*job.args, **job.kwargs)
             ^^^^^^^^^^^^^^^^^^^^^^^^^^^^^^^^^
  File "/Users/sanjivp27/Documents/2023_2024/EECS/projects/Safe-Transaction/insta485/transaction_manager.py", line 582, in check_scheduled_deadlines
    expired_tickets = self.connection.execute("""
                      ^^^^^^^^^^^^^^^
AttributeError: 'TransactionManager' object has no attribute 'connection'
2025-09-15 00:01:23 - apscheduler.executors.default - ERROR - run_job:145 - Job "TransactionManager.check_scheduled_deadlines (trigger: interval[0:05:00], next run at: 2025-09-15 00:06:23 EDT)" raised an exception
Traceback (most recent call last):
  File "/Users/sanjivp27/anaconda3/lib/python3.11/site-packages/apscheduler/executors/base.py", line 131, in run_job
    retval = job.func(*job.args, **job.kwargs)
             ^^^^^^^^^^^^^^^^^^^^^^^^^^^^^^^^^
  File "/Users/sanjivp27/Documents/2023_2024/EECS/projects/Safe-Transaction/insta485/transaction_manager.py", line 582, in check_scheduled_deadlines
    expired_tickets = self.connection.execute("""
                      ^^^^^^^^^^^^^^^
AttributeError: 'TransactionManager' object has no attribute 'connection'
2025-09-15 00:01:24 - apscheduler.executors.default - ERROR - run_job:145 - Job "TransactionManager.check_scheduled_deadlines (trigger: interval[0:05:00], next run at: 2025-09-15 00:06:24 EDT)" raised an exception
Traceback (most recent call last):
  File "/Users/sanjivp27/anaconda3/lib/python3.11/site-packages/apscheduler/executors/base.py", line 131, in run_job
    retval = job.func(*job.args, **job.kwargs)
             ^^^^^^^^^^^^^^^^^^^^^^^^^^^^^^^^^
  File "/Users/sanjivp27/Documents/2023_2024/EECS/projects/Safe-Transaction/insta485/transaction_manager.py", line 582, in check_scheduled_deadlines
    expired_tickets = self.connection.execute("""
                      ^^^^^^^^^^^^^^^
AttributeError: 'TransactionManager' object has no attribute 'connection'
